Archive member included to satisfy reference by file (symbol)

../DaisyExamples/libDaisy//build\libdaisy.a(daisy_seed.o)
                              build/VocoDaisy.o (daisy::DaisySeed::StartAudio(void (*)(float const* const*, float**, unsigned int)))
../DaisyExamples/libDaisy//build\libdaisy.a(codec_ak4556.o)
                              ../DaisyExamples/libDaisy//build\libdaisy.a(daisy_seed.o) (daisy::Ak4556::Init(dsy_gpio_pin))
../DaisyExamples/libDaisy//build\libdaisy.a(codec_wm8731.o)
                              ../DaisyExamples/libDaisy//build\libdaisy.a(daisy_seed.o) (daisy::Wm8731::Init(daisy::Wm8731::Config const&, daisy::I2CHandle))
../DaisyExamples/libDaisy//build\libdaisy.a(sdram.o)
                              ../DaisyExamples/libDaisy//build\libdaisy.a(daisy_seed.o) (SdramHandle::Init())
../DaisyExamples/libDaisy//build\libdaisy.a(audio.o)
                              ../DaisyExamples/libDaisy//build\libdaisy.a(daisy_seed.o) (daisy::AudioHandle::Init(daisy::AudioHandle::Config const&, daisy::SaiHandle))
../DaisyExamples/libDaisy//build\libdaisy.a(gpio.o)
                              ../DaisyExamples/libDaisy//build\libdaisy.a(daisy_seed.o) (daisy::GPIO::Init(daisy::Pin, daisy::GPIO::Mode, daisy::GPIO::Pull, daisy::GPIO::Speed))
../DaisyExamples/libDaisy//build\libdaisy.a(i2c.o)
                              ../DaisyExamples/libDaisy//build\libdaisy.a(daisy_seed.o) (daisy::I2CHandle::Init(daisy::I2CHandle::Config const&))
../DaisyExamples/libDaisy//build\libdaisy.a(qspi.o)
                              ../DaisyExamples/libDaisy//build\libdaisy.a(daisy_seed.o) (daisy::QSPIHandle::Init(daisy::QSPIHandle::Config const&))
../DaisyExamples/libDaisy//build\libdaisy.a(sai.o)
                              ../DaisyExamples/libDaisy//build\libdaisy.a(daisy_seed.o) (daisy::SaiHandle::Init(daisy::SaiHandle::Config const&))
../DaisyExamples/libDaisy//build\libdaisy.a(system.o)
                              ../DaisyExamples/libDaisy//build\libdaisy.a(daisy_seed.o) (daisy::System::DeInit())
../DaisyExamples/libDaisy//build\libdaisy.a(system_stm32h7xx.o)
                              build/startup_stm32h750xx.o (SystemInit)
../DaisyExamples/libDaisy//build\libdaisy.a(usbd_conf.o)
                              ../DaisyExamples/libDaisy//build\libdaisy.a(system.o) (hpcd_USB_OTG_HS)
../DaisyExamples/libDaisy//build\libdaisy.a(usbh_conf.o)
                              ../DaisyExamples/libDaisy//build\libdaisy.a(system.o) (hhcd_USB_OTG_HS)
../DaisyExamples/libDaisy//build\libdaisy.a(hal_map.o)
                              ../DaisyExamples/libDaisy//build\libdaisy.a(gpio.o) (dsy_hal_map_get_port)
../DaisyExamples/libDaisy//build\libdaisy.a(stm32h7xx_hal.o)
                              ../DaisyExamples/libDaisy//build\libdaisy.a(system.o) (HAL_Init)
../DaisyExamples/libDaisy//build\libdaisy.a(stm32h7xx_hal_cortex.o)
                              ../DaisyExamples/libDaisy//build\libdaisy.a(stm32h7xx_hal.o) (HAL_NVIC_SetPriorityGrouping)
../DaisyExamples/libDaisy//build\libdaisy.a(stm32h7xx_hal_dma.o)
                              ../DaisyExamples/libDaisy//build\libdaisy.a(i2c.o) (HAL_DMA_Init)
../DaisyExamples/libDaisy//build\libdaisy.a(stm32h7xx_hal_gpio.o)
                              ../DaisyExamples/libDaisy//build\libdaisy.a(sdram.o) (HAL_GPIO_Init)
../DaisyExamples/libDaisy//build\libdaisy.a(stm32h7xx_hal_hcd.o)
                              ../DaisyExamples/libDaisy//build\libdaisy.a(usbh_conf.o) (HAL_HCD_HC_Init)
../DaisyExamples/libDaisy//build\libdaisy.a(stm32h7xx_hal_i2c.o)
                              ../DaisyExamples/libDaisy//build\libdaisy.a(i2c.o) (HAL_I2C_Init)
../DaisyExamples/libDaisy//build\libdaisy.a(stm32h7xx_hal_i2c_ex.o)
                              ../DaisyExamples/libDaisy//build\libdaisy.a(i2c.o) (HAL_I2CEx_ConfigAnalogFilter)
../DaisyExamples/libDaisy//build\libdaisy.a(stm32h7xx_hal_pcd.o)
                              ../DaisyExamples/libDaisy//build\libdaisy.a(usbd_conf.o) (HAL_PCD_Init)
../DaisyExamples/libDaisy//build\libdaisy.a(stm32h7xx_hal_pcd_ex.o)
                              ../DaisyExamples/libDaisy//build\libdaisy.a(usbd_conf.o) (HAL_PCDEx_SetTxFiFo)
../DaisyExamples/libDaisy//build\libdaisy.a(stm32h7xx_hal_pwr_ex.o)
                              ../DaisyExamples/libDaisy//build\libdaisy.a(system.o) (HAL_PWREx_ConfigSupply)
../DaisyExamples/libDaisy//build\libdaisy.a(stm32h7xx_hal_qspi.o)
                              ../DaisyExamples/libDaisy//build\libdaisy.a(qspi.o) (HAL_QSPI_Init)
../DaisyExamples/libDaisy//build\libdaisy.a(stm32h7xx_hal_rcc.o)
                              ../DaisyExamples/libDaisy//build\libdaisy.a(system.o) (HAL_RCC_OscConfig)
../DaisyExamples/libDaisy//build\libdaisy.a(stm32h7xx_hal_rcc_ex.o)
                              ../DaisyExamples/libDaisy//build\libdaisy.a(system.o) (HAL_RCCEx_PeriphCLKConfig)
../DaisyExamples/libDaisy//build\libdaisy.a(stm32h7xx_hal_sai.o)
[...]
Memory Configuration

Name             Origin             Length             Attributes
FLASH            0x08000000         0x00020000         xr
DTCMRAM          0x20000000         0x00020000         xrw
SRAM             0x24000000         0x00080000         xrw
RAM_D2           0x30000000         0x00048000         xrw
RAM_D3           0x38000000         0x00010000         xrw
BACKUP_SRAM      0x38800000         0x00001000         xrw
ITCMRAM          0x00000000         0x00010000         xrw
SDRAM            0xc0000000         0x04000000         xrw
QSPIFLASH        0x90000000         0x00800000         xr
*default*        0x00000000         0xffffffff

Linker script and memory map

LOAD c:/program files/daisytoolchain/bin/../lib/gcc/arm-none-eabi/10.2.1/thumb/v7e-m+dp/hard/crti.o
LOAD c:/program files/daisytoolchain/bin/../lib/gcc/arm-none-eabi/10.2.1/thumb/v7e-m+dp/hard/crtbegin.o
LOAD c:/program files/daisytoolchain/bin/../lib/gcc/arm-none-eabi/10.2.1/../../../../arm-none-eabi/lib/thumb/v7e-m+dp/hard/crt0.o
LOAD build/startup_stm32h750xx.o
LOAD build/TalkBoxProcessor.o
LOAD build/VocoDaisy.o
LOAD ../DaisyExamples/libDaisy//build\libdaisy.a
LOAD c:/program files/daisytoolchain/bin/../lib/gcc/arm-none-eabi/10.2.1/../../../../arm-none-eabi/lib/thumb/v7e-m+dp/hard\libnosys.a
LOAD ../DaisyExamples/DaisySP//build\libdaisysp.a
LOAD c:/program files/daisytoolchain/bin/../lib/gcc/arm-none-eabi/10.2.1/../../../../arm-none-eabi/lib/thumb/v7e-m+dp/hard\libstdc++_nano.a
LOAD c:/program files/daisytoolchain/bin/../lib/gcc/arm-none-eabi/10.2.1/../../../../arm-none-eabi/lib/thumb/v7e-m+dp/hard\libm.a
LOAD c:/program files/daisytoolchain/bin/../lib/gcc/arm-none-eabi/10.2.1/../../../../arm-none-eabi/lib/thumb/v7e-m+dp/hard\libc_nano.a
START GROUP
LOAD c:/program files/daisytoolchain/bin/../lib/gcc/arm-none-eabi/10.2.1/thumb/v7e-m+dp/hard\libgcc.a
LOAD c:/program files/daisytoolchain/bin/../lib/gcc/arm-none-eabi/10.2.1/../../../../arm-none-eabi/lib/thumb/v7e-m+dp/hard\libc_nano.a
END GROUP
START GROUP
LOAD c:/program files/daisytoolchain/bin/../lib/gcc/arm-none-eabi/10.2.1/thumb/v7e-m+dp/hard\libgcc.a
LOAD c:/program files/daisytoolchain/bin/../lib/gcc/arm-none-eabi/10.2.1/../../../../arm-none-eabi/lib/thumb/v7e-m+dp/hard\libc_nano.a
LOAD c:/program files/daisytoolchain/bin/../lib/gcc/arm-none-eabi/10.2.1/../../../../arm-none-eabi/lib/thumb/v7e-m+dp/hard\libnosys.a
END GROUP
START GROUP
LOAD c:/program files/daisytoolchain/bin/../lib/gcc/arm-none-eabi/10.2.1/thumb/v7e-m+dp/hard\libgcc.a
LOAD c:/program files/daisytoolchain/bin/../lib/gcc/arm-none-eabi/10.2.1/../../../../arm-none-eabi/lib/thumb/v7e-m+dp/hard\libc_nano.a
LOAD c:/program files/daisytoolchain/bin/../lib/gcc/arm-none-eabi/10.2.1/../../../../arm-none-eabi/lib/thumb/v7e-m+dp/hard\libnosys.a
END GROUP
LOAD c:/program files/daisytoolchain/bin/../lib/gcc/arm-none-eabi/10.2.1/thumb/v7e-m+dp/hard/crtend.o
LOAD c:/program files/daisytoolchain/bin/../lib/gcc/arm-none-eabi/10.2.1/thumb/v7e-m+dp/hard/crtn.o
                0x20020000                _estack = 0x20020000

.isr_vector     0x08000000      0x298
                0x08000000                . = ALIGN (0x4)
 *(.isr_vector)
 .isr_vector    0x08000000      0x298 build/startup_stm32h750xx.o
                0x08000000                g_pfnVectors
                0x08000298                . = ALIGN (0x4)

.text           0x08000298    0x10748
                0x08000298                . = ALIGN (0x4)
                0x08000298                _stext = .
 *(.text)
 .text          0x08000298       0x40 c:/program files/daisytoolchain/bin/../lib/gcc/arm-none-eabi/10.2.1/thumb/v7e-m+dp/hard/crtbegin.o
 .text          0x080002d8      0x378 c:/program files/daisytoolchain/bin/../lib/gcc/arm-none-eabi/10.2.1/thumb/v7e-m+dp/hard\libgcc.a(_arm_addsubdf3.o)
                0x080002d8                __aeabi_drsub
                0x080002e0                __aeabi_dsub
                0x080002e0                __subdf3
                0x080002e4                __aeabi_dadd
                0x080002e4                __adddf3
                0x0800055c                __floatunsidf
                0x0800055c                __aeabi_ui2d
                0x0800057c                __floatsidf
                0x0800057c                __aeabi_i2d
                0x080005a0                __aeabi_f2d
                0x080005a0                __extendsfdf2
                0x080005e4                __floatundidf
                0x080005e4                __aeabi_ul2d
                0x080005f4                __floatdidf
                0x080005f4                __aeabi_l2d
 .text          0x08000650       0x30 c:/program files/daisytoolchain/bin/../lib/gcc/arm-none-eabi/10.2.1/thumb/v7e-m+dp/hard\libgcc.a(_aeabi_uldivmod.o)
                0x08000650                __aeabi_uldivmod
 .text          0x08000680      0x2d0 c:/program files/daisytoolchain/bin/../lib/gcc/arm-none-eabi/10.2.1/thumb/v7e-m+dp/hard\libgcc.a(_udivmoddi4.o)
                0x08000680                __udivmoddi4
 .text          0x08000950        0x4 c:/program files/daisytoolchain/bin/../lib/gcc/arm-none-eabi/10.2.1/thumb/v7e-m+dp/hard\libgcc.a(_dvmd_tls.o)
                0x08000950                __aeabi_idiv0
                0x08000950                __aeabi_ldiv0
 *(.text*)
 .text.Default_Handler
                0x08000954        0x4 build/startup_stm32h750xx.o
                0x08000954                RTC_Alarm_IRQHandler
                0x08000954                HASH_RNG_IRQHandler
                0x08000954                EXTI2_IRQHandler
                0x08000954                TIM8_CC_IRQHandler
                0x08000954                HRTIM1_Master_IRQHandler
                0x08000954                DebugMon_Handler
                0x08000954                TIM1_CC_IRQHandler
                0x08000954                BDMA_Channel6_IRQHandler
                0x08000954                DMA2_Stream5_IRQHandler
                0x08000954                HRTIM1_FLT_IRQHandler
                0x08000954                JPEG_IRQHandler
                0x08000954                BDMA_Channel1_IRQHandler
                0x08000954                HRTIM1_TIMD_IRQHandler
                0x08000954                TAMP_STAMP_IRQHandler
                0x08000954                PendSV_Handler
                0x08000954                NMI_Handler
                0x08000954                EXTI3_IRQHandler
                0x08000954                LPTIM4_IRQHandler
                0x08000954                TIM8_TRG_COM_TIM14_IRQHandler
                0x08000954                LPTIM2_IRQHandler
                0x08000954                DFSDM1_FLT1_IRQHandler
                0x08000954                DMAMUX2_OVR_IRQHandler
                0x08000954                TIM8_UP_TIM13_IRQHandler
                0x08000954                I2C3_ER_IRQHandler
                0x08000954                DFSDM1_FLT2_IRQHandler
                0x08000954                MDMA_IRQHandler
                0x08000954                LPTIM3_IRQHandler
                0x08000954                HSEM1_IRQHandler
                0x08000954                EXTI0_IRQHandler
                0x08000954                DMA1_Stream2_IRQHandler
                0x08000954                FPU_IRQHandler
                0x08000954                OTG_HS_WKUP_IRQHandler
                0x08000954                FDCAN1_IT1_IRQHandler
                0x08000954                UsageFault_Handler
                0x08000954                LTDC_ER_IRQHandler
                0x08000954                HRTIM1_TIME_IRQHandler
                0x08000954                TIM6_DAC_IRQHandler
                0x08000954                DCMI_IRQHandler
                0x08000954                HRTIM1_TIMC_IRQHandler
                0x08000954                SAI2_IRQHandler
                0x08000954                DFSDM1_FLT3_IRQHandler
                0x08000954                TIM17_IRQHandler
                0x08000954                CRYP_IRQHandler
                0x08000954                BDMA_Channel7_IRQHandler
                0x08000954                LPTIM5_IRQHandler
                0x08000954                ADC3_IRQHandler
                0x08000954                DMA2_Stream0_IRQHandler
                0x08000954                BDMA_Channel2_IRQHandler
                0x08000954                DMAMUX1_OVR_IRQHandler
                0x08000954                TIM16_IRQHandler
                0x08000954                BDMA_Channel5_IRQHandler
                0x08000954                RCC_IRQHandler
                0x08000954                TIM8_BRK_TIM12_IRQHandler
                0x08000954                TIM1_TRG_COM_IRQHandler
                0x08000954                Default_Handler
                0x08000954                ECC_IRQHandler
                0x08000954                CEC_IRQHandler
                0x08000954                EXTI15_10_IRQHandler
                0x08000954                BDMA_Channel0_IRQHandler
                0x08000954                ADC_IRQHandler
                0x08000954                DMA1_Stream7_IRQHandler
                0x08000954                HRTIM1_TIMA_IRQHandler
                0x08000954                TIM7_IRQHandler
                0x08000954                SDMMC1_IRQHandler
                0x08000954                DMA2_Stream7_IRQHandler
                0x08000954                TIM15_IRQHandler
                0x08000954                PVD_AVD_IRQHandler
                0x08000954                EXTI9_5_IRQHandler
                0x08000954                RTC_WKUP_IRQHandler
                0x08000954                LTDC_IRQHandler
                0x08000954                SAI3_IRQHandler
                0x08000954                ETH_WKUP_IRQHandler
                0x08000954                SPDIF_RX_IRQHandler
                0x08000954                MemManage_Handler
                0x08000954                SVC_Handler
                0x08000954                CRS_IRQHandler
                0x08000954                EXTI4_IRQHandler
                0x08000954                HRTIM1_TIMB_IRQHandler
                0x08000954                FDCAN2_IT1_IRQHandler
                0x08000954                ETH_IRQHandler
                0x08000954                TIM1_UP_IRQHandler
                0x08000954                BDMA_Channel4_IRQHandler
                0x08000954                WWDG_IRQHandler
                0x08000954                SPI6_IRQHandler
                0x08000954                I2C4_EV_IRQHandler
                0x08000954                MDIOS_IRQHandler
                0x08000954                FDCAN2_IT0_IRQHandler
                0x08000954                FDCAN1_IT0_IRQHandler
                0x08000954                OTG_FS_WKUP_IRQHandler
                0x08000954                DMA2D_IRQHandler
                0x08000954                TIM1_BRK_IRQHandler
                0x08000954                EXTI1_IRQHandler
                0x08000954                SDMMC2_IRQHandler
                0x08000954                OTG_FS_EP1_OUT_IRQHandler
                0x08000954                BDMA_Channel3_IRQHandler
                0x08000954                MDIOS_WKUP_IRQHandler
                0x08000954                DFSDM1_FLT0_IRQHandler
                0x08000954                SAI4_IRQHandler
                0x08000954                I2C2_ER_IRQHandler
                0x08000954                DMA2_Stream1_IRQHandler
                0x08000954                FLASH_IRQHandler
                0x08000954                BusFault_Handler
                0x08000954                OTG_FS_IRQHandler
                0x08000954                WAKEUP_PIN_IRQHandler
                0x08000954                OTG_FS_EP1_IN_IRQHandler
                0x08000954                I2C1_ER_IRQHandler
                0x08000954                FMC_IRQHandler
                0x08000954                FDCAN_CAL_IRQHandler
                0x08000954                SWPMI1_IRQHandler
                0x08000954                COMP1_IRQHandler
                0x08000954                LPTIM1_IRQHandler
                0x08000954                I2C4_ER_IRQHandler
                0x08000954                DMA2_Stream6_IRQHandler
                0x08000954                SAI1_IRQHandler
 .text.Reset_Handler
                0x08000958       0x44 build/startup_stm32h750xx.o
                0x08000958                Reset_Handler
 .text._ZN16TalkBoxProcessorC2Ev
                0x0800099c       0x94 build/TalkBoxProcessor.o
                0x0800099c                TalkBoxProcessor::TalkBoxProcessor()
                0x0800099c                TalkBoxProcessor::TalkBoxProcessor()
 .text._ZN16TalkBoxProcessorD2Ev
                0x08000a30       0x30 build/TalkBoxProcessor.o
                0x08000a30                TalkBoxProcessor::~TalkBoxProcessor()
                0x08000a30                TalkBoxProcessor::~TalkBoxProcessor()
 .text._ZN16TalkBoxProcessor4initEfRK13TalkBoxParams
                0x08000a60      0x154 build/TalkBoxProcessor.o
                0x08000a60                TalkBoxProcessor::init(float, TalkBoxParams const&)
 .text._ZN16TalkBoxProcessor10lpc_durbinEPflS0_S0_
                0x08000bb4      0x12c build/TalkBoxProcessor.o
                0x08000bb4                TalkBoxProcessor::lpc_durbin(float*, long, float*, float*)
 .text._ZN16TalkBoxProcessor3lpcEPfS0_ll
                0x08000ce0      0x15c build/TalkBoxProcessor.o
                0x08000ce0                TalkBoxProcessor::lpc(float*, float*, long, long)
 .text._ZN16TalkBoxProcessor12processBlockEPKfS1_PfS2_l
                0x08000e3c      0x27c build/TalkBoxProcessor.o
                0x08000e3c                TalkBoxProcessor::processBlock(float const*, float const*, float*, float*, long)
 .text._ZN5daisy9DaisySeedD2Ev
                0x080010b8        0x4 build/VocoDaisy.o
                0x080010b8                daisy::DaisySeed::~DaisySeed()
                0x080010b8                daisy::DaisySeed::~DaisySeed()
 .text._Z13AudioCallbackPKPKfPPfj
                0x080010bc       0x20 build/VocoDaisy.o
                0x080010bc                AudioCallback(float const* const*, float**, unsigned int)
 .text.startup.main
                0x080010dc       0x54 build/VocoDaisy.o
                0x080010dc                main
 .text.startup._GLOBAL__sub_I_hw
                0x08001130       0x40 build/VocoDaisy.o
 .text._ZN5daisy9DaisySeed10StartAudioEPFvPKPKfPPfjE
                0x08001170        0x8 ../DaisyExamples/libDaisy//build\libdaisy.a(daisy_seed.o)
                0x08001170                daisy::DaisySeed::StartAudio(void (*)(float const* const*, float**, unsigned int))
 .text._ZN5daisy9DaisySeed18SetAudioSampleRateENS_9SaiHandle6Config10SampleRateE
                0x08001178       0x38 ../DaisyExamples/libDaisy//build\libdaisy.a(daisy_seed.o)
                0x08001178                daisy::DaisySeed::SetAudioSampleRate(daisy::SaiHandle::Config::SampleRate)
 .text._ZN5daisy9DaisySeed17SetAudioBlockSizeEj
                0x080011b0       0x38 ../DaisyExamples/libDaisy//build\libdaisy.a(daisy_seed.o)
                0x080011b0                daisy::DaisySeed::SetAudioBlockSize(unsigned int)
 .text._ZN5daisy9DaisySeed17CheckBoardVersionEv
                0x080011e8       0x6c ../DaisyExamples/libDaisy//build\libdaisy.a(daisy_seed.o)
                0x080011e8                daisy::DaisySeed::CheckBoardVersion()
 .text._ZN5daisy9DaisySeed14ConfigureAudioEv
                0x08001254      0x10c ../DaisyExamples/libDaisy//build\libdaisy.a(daisy_seed.o)
                0x08001254                daisy::DaisySeed::ConfigureAudio()
 .text._ZN5daisy9DaisySeed4InitEb
                0x08001360      0x108 ../DaisyExamples/libDaisy//build\libdaisy.a(daisy_seed.o)
                0x08001360                daisy::DaisySeed::Init(bool)
 .text._ZN5daisy6Ak45564InitE12dsy_gpio_pin
                0x08001468       0x44 ../DaisyExamples/libDaisy//build\libdaisy.a(codec_ak4556.o)
                0x08001468                daisy::Ak4556::Init(dsy_gpio_pin)
 .text._ZN5daisy6Wm873120WriteControlRegisterEht
                0x080014ac       0x3c ../DaisyExamples/libDaisy//build\libdaisy.a(codec_wm8731.o)
                0x080014ac                daisy::Wm8731::WriteControlRegister(unsigned char, unsigned short)
 .text._ZN5daisy6Wm87314InitERKNS0_6ConfigENS_9I2CHandleE
                0x080014e8      0x1bc ../DaisyExamples/libDaisy//build\libdaisy.a(codec_wm8731.o)
                0x080014e8                daisy::Wm8731::Init(daisy::Wm8731::Config const&, daisy::I2CHandle)
 .text._ZN11SdramHandle10DeviceInitEv
                0x080016a4       0x98 ../DaisyExamples/libDaisy//build\libdaisy.a(sdram.o)
                0x080016a4                SdramHandle::DeviceInit()
 .text._ZN11SdramHandle4InitEv
                0x0800173c       0x7c ../DaisyExamples/libDaisy//build\libdaisy.a(sdram.o)
                0x0800173c                SdramHandle::Init()
 .text.HAL_SDRAM_MspInit
                0x080017b8      0x1a8 ../DaisyExamples/libDaisy//build\libdaisy.a(sdram.o)
                0x080017b8                HAL_SDRAM_MspInit
 .text._ZN5daisy11AudioHandle4Impl16InternalCallbackEPlS2_j
                0x08001960      0xbbc ../DaisyExamples/libDaisy//build\libdaisy.a(audio.o)
                0x08001960                daisy::AudioHandle::Impl::InternalCallback(long*, long*, unsigned int)
 .text._ZN5daisy11AudioHandle4InitERKNS0_6ConfigENS_9SaiHandleE
                0x0800251c       0x70 ../DaisyExamples/libDaisy//build\libdaisy.a(audio.o)
                0x0800251c                daisy::AudioHandle::Init(daisy::AudioHandle::Config const&, daisy::SaiHandle)
 .text._ZNK5daisy11AudioHandle9GetConfigEv
                0x0800258c        0x8 ../DaisyExamples/libDaisy//build\libdaisy.a(audio.o)
                0x0800258c                daisy::AudioHandle::GetConfig() const
 .text._ZN5daisy11AudioHandle12SetBlockSizeEj
                0x08002594       0x1c ../DaisyExamples/libDaisy//build\libdaisy.a(audio.o)
                0x08002594                daisy::AudioHandle::SetBlockSize(unsigned int)
 .text._ZN5daisy11AudioHandle13GetSampleRateEv
                0x080025b0        0x8 ../DaisyExamples/libDaisy//build\libdaisy.a(audio.o)
                0x080025b0                daisy::AudioHandle::GetSampleRate()
 .text._ZN5daisy11AudioHandle13SetSampleRateENS_9SaiHandle6Config10SampleRateE
                0x080025b8       0x88 ../DaisyExamples/libDaisy//build\libdaisy.a(audio.o)
                0x080025b8                daisy::AudioHandle::SetSampleRate(daisy::SaiHandle::Config::SampleRate)
 .text._ZN5daisy11AudioHandle5StartEPFvPKPKfPPfjE
                0x08002640       0x44 ../DaisyExamples/libDaisy//build\libdaisy.a(audio.o)
                0x08002640                daisy::AudioHandle::Start(void (*)(float const* const*, float**, unsigned int))
 .text.startup._GLOBAL__sub_I__ZN5daisy11AudioHandle4Impl4InitENS0_6ConfigENS_9SaiHandleE
                0x08002684       0x24 ../DaisyExamples/libDaisy//build\libdaisy.a(audio.o)
 .text._ZN5daisy4GPIO4InitENS_3PinENS0_4ModeENS0_4PullENS0_5SpeedE
                0x080026a8      0x1cc ../DaisyExamples/libDaisy//build\libdaisy.a(gpio.o)
                0x080026a8                daisy::GPIO::Init(daisy::Pin, daisy::GPIO::Mode, daisy::GPIO::Pull, daisy::GPIO::Speed)
 .text._ZN5daisy4GPIO4ReadEv
                0x08002874       0x18 ../DaisyExamples/libDaisy//build\libdaisy.a(gpio.o)
                0x08002874                daisy::GPIO::Read()
 .text._ZN5daisy4GPIO5WriteEb
                0x0800288c       0x14 ../DaisyExamples/libDaisy//build\libdaisy.a(gpio.o)
                0x0800288c                daisy::GPIO::Write(bool)
 .text.dsy_gpio_init
                0x080028a0      0x1b8 ../DaisyExamples/libDaisy//build\libdaisy.a(gpio.o)
                0x080028a0                dsy_gpio_init
 .text.dsy_gpio_write
                0x08002a58       0x24 ../DaisyExamples/libDaisy//build\libdaisy.a(gpio.o)
                0x08002a58                dsy_gpio_write
 .text._ZN5daisy9I2CHandle4Impl8InitPinsEv
                0x08002a7c       0x58 ../DaisyExamples/libDaisy//build\libdaisy.a(i2c.o)
                0x08002a7c                daisy::I2CHandle::Impl::InitPins()
 .text.HAL_I2C_MspInit
                0x08002ad4      0x1b4 ../DaisyExamples/libDaisy//build\libdaisy.a(i2c.o)
                0x08002ad4                HAL_I2C_MspInit
 .text.dsy_i2c_global_init
                0x08002c88       0x78 ../DaisyExamples/libDaisy//build\libdaisy.a(i2c.o)
                0x08002c88                dsy_i2c_global_init
 .text.DMA1_Stream6_IRQHandler
                0x08002d00       0x34 ../DaisyExamples/libDaisy//build\libdaisy.a(i2c.o)
                0x08002d00                DMA1_Stream6_IRQHandler
 .text.I2C1_EV_IRQHandler
                0x08002d34        0xc ../DaisyExamples/libDaisy//build\libdaisy.a(i2c.o)
                0x08002d34                I2C1_EV_IRQHandler
 .text.I2C2_EV_IRQHandler
                0x08002d40        0xc ../DaisyExamples/libDaisy//build\libdaisy.a(i2c.o)
                0x08002d40                I2C2_EV_IRQHandler
 .text.I2C3_EV_IRQHandler
                0x08002d4c        0xc ../DaisyExamples/libDaisy//build\libdaisy.a(i2c.o)
                0x08002d4c                I2C3_EV_IRQHandler
 .text._ZN5daisy9I2CHandle4InitERKNS0_6ConfigE
                0x08002d58      0x12c ../DaisyExamples/libDaisy//build\libdaisy.a(i2c.o)
                0x08002d58                daisy::I2CHandle::Init(daisy::I2CHandle::Config const&)
 .text._ZN5daisy9I2CHandle16TransmitBlockingEtPhtm
                0x08002e84       0x50 ../DaisyExamples/libDaisy//build\libdaisy.a(i2c.o)
                0x08002e84                daisy::I2CHandle::TransmitBlocking(unsigned short, unsigned char*, unsigned short, unsigned long)
 .text.startup._GLOBAL__sub_I__ZN5daisy9I2CHandle4Impl10GlobalInitEv
                0x08002ed4       0x18 ../DaisyExamples/libDaisy//build\libdaisy.a(i2c.o)
 .text._ZN5daisy10QSPIHandle4Impl11WriteEnableEv
                0x08002eec       0x8c ../DaisyExamples/libDaisy//build\libdaisy.a(qspi.o)
                0x08002eec                daisy::QSPIHandle::Impl::WriteEnable()
 .text._ZN5daisy10QSPIHandle4Impl17DummyCyclesConfigENS0_6Config6DeviceE
                0x08002f78      0x118 ../DaisyExamples/libDaisy//build\libdaisy.a(qspi.o)
                0x08002f78                daisy::QSPIHandle::Impl::DummyCyclesConfig(daisy::QSPIHandle::Config::Device)
 .text._ZN5daisy10QSPIHandle4Impl10QuadEnableEv
                0x08003090      0x158 ../DaisyExamples/libDaisy//build\libdaisy.a(qspi.o)
                0x08003090                daisy::QSPIHandle::Impl::QuadEnable()
 .text._ZN5daisy10QSPIHandle4InitERKNS0_6ConfigE
                0x080031e8      0x198 ../DaisyExamples/libDaisy//build\libdaisy.a(qspi.o)
                0x080031e8                daisy::QSPIHandle::Init(daisy::QSPIHandle::Config const&)
 .text.HAL_QSPI_MspInit
                0x08003380      0x11c ../DaisyExamples/libDaisy//build\libdaisy.a(qspi.o)
                0x08003380                HAL_QSPI_MspInit
 .text.HAL_QSPI_MspDeInit
                0x0800349c       0x54 ../DaisyExamples/libDaisy//build\libdaisy.a(qspi.o)
                0x0800349c                HAL_QSPI_MspDeInit
 .text.QUADSPI_IRQHandler
                0x080034f0        0xc ../DaisyExamples/libDaisy//build\libdaisy.a(qspi.o)
                0x080034f0                QUADSPI_IRQHandler
 .text.startup._GLOBAL__sub_I__ZN5daisy10QSPIHandle4Impl4InitERKNS0_6ConfigE
                0x080034fc       0x28 ../DaisyExamples/libDaisy//build\libdaisy.a(qspi.o)
 .text._ZN5daisy9SaiHandle4Impl7InitDmaENS1_15PeripheralBlockE
                0x08003524       0xa0 ../DaisyExamples/libDaisy//build\libdaisy.a(sai.o)
                0x08003524                daisy::SaiHandle::Impl::InitDma(daisy::SaiHandle::Impl::PeripheralBlock)
 .text._ZN5daisy9SaiHandle4Impl8InitPinsEv
                0x080035c4       0xa8 ../DaisyExamples/libDaisy//build\libdaisy.a(sai.o)
                0x080035c4                daisy::SaiHandle::Impl::InitPins()
 .text.HAL_SAI_MspInit
                0x0800366c      0x164 ../DaisyExamples/libDaisy//build\libdaisy.a(sai.o)
                0x0800366c                HAL_SAI_MspInit
 .text.DMA1_Stream0_IRQHandler
                0x080037d0        0xc ../DaisyExamples/libDaisy//build\libdaisy.a(sai.o)
                0x080037d0                DMA1_Stream0_IRQHandler
 .text.DMA1_Stream1_IRQHandler
                0x080037dc        0xc ../DaisyExamples/libDaisy//build\libdaisy.a(sai.o)
                0x080037dc                DMA1_Stream1_IRQHandler
 .text.DMA1_Stream3_IRQHandler
                0x080037e8        0xc ../DaisyExamples/libDaisy//build\libdaisy.a(sai.o)
                0x080037e8                DMA1_Stream3_IRQHandler
 .text.DMA1_Stream4_IRQHandler
                0x080037f4        0xc ../DaisyExamples/libDaisy//build\libdaisy.a(sai.o)
                0x080037f4                DMA1_Stream4_IRQHandler
 .text.HAL_SAI_RxHalfCpltCallback
                0x08003800       0x78 ../DaisyExamples/libDaisy//build\libdaisy.a(sai.o)
                0x08003800                HAL_SAI_RxHalfCpltCallback
 .text.HAL_SAI_RxCpltCallback
                0x08003878       0x70 ../DaisyExamples/libDaisy//build\libdaisy.a(sai.o)
                0x08003878                HAL_SAI_RxCpltCallback
 .text._ZN5daisy9SaiHandle4InitERKNS0_6ConfigE
                0x080038e8      0x1f0 ../DaisyExamples/libDaisy//build\libdaisy.a(sai.o)
                0x080038e8                daisy::SaiHandle::Init(daisy::SaiHandle::Config const&)
 .text._ZNK5daisy9SaiHandle9GetConfigEv
                0x08003ad8        0x4 ../DaisyExamples/libDaisy//build\libdaisy.a(sai.o)
                0x08003ad8                daisy::SaiHandle::GetConfig() const
 .text._ZN5daisy9SaiHandle8StartDmaEPlS1_jPFvS1_S1_jE
                0x08003adc       0xbc ../DaisyExamples/libDaisy//build\libdaisy.a(sai.o)
                0x08003adc                daisy::SaiHandle::StartDma(long*, long*, unsigned int, void (*)(long*, long*, unsigned int))
 .text._ZN5daisy9SaiHandle13GetSampleRateEv
                0x08003b98       0x24 ../DaisyExamples/libDaisy//build\libdaisy.a(sai.o)
                0x08003b98                daisy::SaiHandle::GetSampleRate()
 .text._ZNK5daisy9SaiHandle9GetOffsetEv
                0x08003bbc        0x8 ../DaisyExamples/libDaisy//build\libdaisy.a(sai.o)
                0x08003bbc                daisy::SaiHandle::GetOffset() const
 .text._ZN5daisy11TimerHandleD2Ev
                0x08003bc4        0x4 ../DaisyExamples/libDaisy//build\libdaisy.a(system.o)
                0x08003bc4                daisy::TimerHandle::~TimerHandle()
                0x08003bc4                daisy::TimerHandle::~TimerHandle()
 .text.SysTick_Handler
                0x08003bc8       0x10 ../DaisyExamples/libDaisy//build\libdaisy.a(system.o)
                0x08003bc8                SysTick_Handler
 .text.OTG_HS_EP1_OUT_IRQHandler
                0x08003bd8       0x24 ../DaisyExamples/libDaisy//build\libdaisy.a(system.o)
                0x08003bd8                OTG_HS_EP1_OUT_IRQHandler
 .text.OTG_HS_EP1_IN_IRQHandler
                0x08003bfc       0x24 ../DaisyExamples/libDaisy//build\libdaisy.a(system.o)
                0x08003bfc                OTG_HS_EP1_IN_IRQHandler
 .text.OTG_HS_IRQHandler
                0x08003c20       0x24 ../DaisyExamples/libDaisy//build\libdaisy.a(system.o)
                0x08003c20                OTG_HS_IRQHandler
 .text.HardFault_Handler
                0x08003c44       0xe0 ../DaisyExamples/libDaisy//build\libdaisy.a(system.o)
                0x08003c44                HardFault_Handler
 .text._ZN5daisy6System5DelayEm
                0x08003d24        0x4 ../DaisyExamples/libDaisy//build\libdaisy.a(system.o)
                0x08003d24                daisy::System::Delay(unsigned long)
 .text._ZN5daisy6System20GetBootloaderVersionEv
                0x08003d28       0x34 ../DaisyExamples/libDaisy//build\libdaisy.a(system.o)
                0x08003d28                daisy::System::GetBootloaderVersion()
 .text._ZN5daisy6System15ConfigureClocksEv
                0x08003d5c      0x194 ../DaisyExamples/libDaisy//build\libdaisy.a(system.o)
                0x08003d5c                daisy::System::ConfigureClocks()
 .text._ZN5daisy6System12ConfigureMpuEv
                0x08003ef0       0x7c ../DaisyExamples/libDaisy//build\libdaisy.a(system.o)
                0x08003ef0                daisy::System::ConfigureMpu()
 .text._ZN5daisy6System4InitERKNS0_6ConfigE
                0x08003f6c       0xec ../DaisyExamples/libDaisy//build\libdaisy.a(system.o)
                0x08003f6c                daisy::System::Init(daisy::System::Config const&)
 .text._ZN5daisy6System12GetPClk1FreqEv
                0x08004058        0x4 ../DaisyExamples/libDaisy//build\libdaisy.a(system.o)
                0x08004058                daisy::System::GetPClk1Freq()
 .text._ZN5daisy6System22GetProgramMemoryRegionEv
                0x0800405c       0x78 ../DaisyExamples/libDaisy//build\libdaisy.a(system.o)
                0x0800405c                daisy::System::GetProgramMemoryRegion()
 .text.startup._GLOBAL__sub_I__ZN5daisy9boot_infoE
                0x080040d4       0x1c ../DaisyExamples/libDaisy//build\libdaisy.a(system.o)
 .text.SystemInit
                0x080040f0       0x9c ../DaisyExamples/libDaisy//build\libdaisy.a(system_stm32h7xx.o)
                0x080040f0                SystemInit
 .text.HAL_PCD_SetupStageCallback
                0x0800418c        0xc ../DaisyExamples/libDaisy//build\libdaisy.a(usbd_conf.o)
                0x0800418c                HAL_PCD_SetupStageCallback
 .text.HAL_PCD_DataOutStageCallback
                0x08004198       0x14 ../DaisyExamples/libDaisy//build\libdaisy.a(usbd_conf.o)
                0x08004198                HAL_PCD_DataOutStageCallback
 .text.HAL_PCD_DataInStageCallback
                0x080041ac       0x14 ../DaisyExamples/libDaisy//build\libdaisy.a(usbd_conf.o)
                0x080041ac                HAL_PCD_DataInStageCallback
 .text.HAL_PCD_SOFCallback
                0x080041c0        0x8 ../DaisyExamples/libDaisy//build\libdaisy.a(usbd_conf.o)
                0x080041c0                HAL_PCD_SOFCallback
 .text.HAL_PCD_ResetCallback
                0x080041c8       0x24 ../DaisyExamples/libDaisy//build\libdaisy.a(usbd_conf.o)
                0x080041c8                HAL_PCD_ResetCallback
 .text.HAL_PCD_SuspendCallback
                0x080041ec       0x30 ../DaisyExamples/libDaisy//build\libdaisy.a(usbd_conf.o)
                0x080041ec                HAL_PCD_SuspendCallback
 .text.HAL_PCD_ResumeCallback
                0x0800421c        0x8 ../DaisyExamples/libDaisy//build\libdaisy.a(usbd_conf.o)
                0x0800421c                HAL_PCD_ResumeCallback
 .text.HAL_PCD_ISOOUTIncompleteCallback
                0x08004224        0x8 ../DaisyExamples/libDaisy//build\libdaisy.a(usbd_conf.o)
                0x08004224                HAL_PCD_ISOOUTIncompleteCallback
 .text.HAL_PCD_ISOINIncompleteCallback
                0x0800422c        0x8 ../DaisyExamples/libDaisy//build\libdaisy.a(usbd_conf.o)
                0x0800422c                HAL_PCD_ISOINIncompleteCallback
 .text.HAL_PCD_ConnectCallback
                0x08004234        0x8 ../DaisyExamples/libDaisy//build\libdaisy.a(usbd_conf.o)
                0x08004234                HAL_PCD_ConnectCallback
 .text.HAL_PCD_DisconnectCallback
                0x0800423c        0x8 ../DaisyExamples/libDaisy//build\libdaisy.a(usbd_conf.o)
                0x0800423c                HAL_PCD_DisconnectCallback
 .text.USBD_LL_OpenEP
                0x08004244       0x24 ../DaisyExamples/libDaisy//build\libdaisy.a(usbd_conf.o)
                0x08004244                USBD_LL_OpenEP
 .text.USBD_LL_StallEP
                0x08004268       0x1c ../DaisyExamples/libDaisy//build\libdaisy.a(usbd_conf.o)
                0x08004268                USBD_LL_StallEP
 .text.USBD_LL_ClearStallEP
                0x08004284       0x1c ../DaisyExamples/libDaisy//build\libdaisy.a(usbd_conf.o)
                0x08004284                USBD_LL_ClearStallEP
 .text.USBD_LL_IsStallEP
                0x080042a0       0x28 ../DaisyExamples/libDaisy//build\libdaisy.a(usbd_conf.o)
                0x080042a0                USBD_LL_IsStallEP
 .text.USBD_LL_SetUSBAddress
                0x080042c8       0x1c ../DaisyExamples/libDaisy//build\libdaisy.a(usbd_conf.o)
                0x080042c8                USBD_LL_SetUSBAddress
 .text.USBD_LL_Transmit
                0x080042e4       0x1c ../DaisyExamples/libDaisy//build\libdaisy.a(usbd_conf.o)
                0x080042e4                USBD_LL_Transmit
 .text.USBD_LL_PrepareReceive
                0x08004300       0x1c ../DaisyExamples/libDaisy//build\libdaisy.a(usbd_conf.o)
                0x08004300                USBD_LL_PrepareReceive
 .text.HAL_HCD_SOF_Callback
                0x0800431c        0x8 ../DaisyExamples/libDaisy//build\libdaisy.a(usbh_conf.o)
                0x0800431c                HAL_HCD_SOF_Callback
 .text.HAL_HCD_Connect_Callback
                0x08004324        0x8 ../DaisyExamples/libDaisy//build\libdaisy.a(usbh_conf.o)
                0x08004324                HAL_HCD_Connect_Callback
 .text.HAL_HCD_Disconnect_Callback
                0x0800432c        0x8 ../DaisyExamples/libDaisy//build\libdaisy.a(usbh_conf.o)
                0x0800432c                HAL_HCD_Disconnect_Callback
 .text.HAL_HCD_HC_NotifyURBChange_Callback
                0x08004334        0x4 ../DaisyExamples/libDaisy//build\libdaisy.a(usbh_conf.o)
                0x08004334                HAL_HCD_HC_NotifyURBChange_Callback
 .text.HAL_HCD_PortEnabled_Callback
                0x08004338        0x8 ../DaisyExamples/libDaisy//build\libdaisy.a(usbh_conf.o)
                0x08004338                HAL_HCD_PortEnabled_Callback
 .text.HAL_HCD_PortDisabled_Callback
                0x08004340        0x8 ../DaisyExamples/libDaisy//build\libdaisy.a(usbh_conf.o)
                0x08004340                HAL_HCD_PortDisabled_Callback
 .text.USBH_LL_Stop
                0x08004348       0x1c ../DaisyExamples/libDaisy//build\libdaisy.a(usbh_conf.o)
                0x08004348                USBH_LL_Stop
 .text.dsy_hal_map_get_port
                0x08004364       0x10 ../DaisyExamples/libDaisy//build\libdaisy.a(hal_map.o)
                0x08004364                dsy_hal_map_get_port
 .text.dsy_hal_map_get_pin
                0x08004374       0x10 ../DaisyExamples/libDaisy//build\libdaisy.a(hal_map.o)
                0x08004374                dsy_hal_map_get_pin
 .text.dsy_hal_map_gpio_clk_enable
                0x08004384      0x150 ../DaisyExamples/libDaisy//build\libdaisy.a(hal_map.o)
                0x08004384                dsy_hal_map_gpio_clk_enable
 .text.HAL_MspInit
                0x080044d4        0x4 ../DaisyExamples/libDaisy//build\libdaisy.a(stm32h7xx_hal.o)
                0x080044d4                HAL_MspInit
 .text.HAL_InitTick
                0x080044d8       0x4c ../DaisyExamples/libDaisy//build\libdaisy.a(stm32h7xx_hal.o)
                0x080044d8                HAL_InitTick
 .text.HAL_Init
                0x08004524       0x60 ../DaisyExamples/libDaisy//build\libdaisy.a(stm32h7xx_hal.o)
                0x08004524                HAL_Init
 .text.HAL_IncTick
                0x08004584       0x18 ../DaisyExamples/libDaisy//build\libdaisy.a(stm32h7xx_hal.o)
                0x08004584                HAL_IncTick
 .text.HAL_GetTick
                0x0800459c        0xc ../DaisyExamples/libDaisy//build\libdaisy.a(stm32h7xx_hal.o)
                0x0800459c                HAL_GetTick
 .text.HAL_Delay
                0x080045a8       0x24 ../DaisyExamples/libDaisy//build\libdaisy.a(stm32h7xx_hal.o)
                0x080045a8                HAL_Delay
 .text.HAL_GetREVID
                0x080045cc        0xc ../DaisyExamples/libDaisy//build\libdaisy.a(stm32h7xx_hal.o)
                0x080045cc                HAL_GetREVID
 .text.HAL_NVIC_SetPriorityGrouping
                0x080045d8       0x24 ../DaisyExamples/libDaisy//build\libdaisy.a(stm32h7xx_hal_cortex.o)
                0x080045d8                HAL_NVIC_SetPriorityGrouping
 .text.HAL_NVIC_SetPriority
                0x080045fc       0x7c ../DaisyExamples/libDaisy//build\libdaisy.a(stm32h7xx_hal_cortex.o)
                0x080045fc                HAL_NVIC_SetPriority
 .text.HAL_NVIC_EnableIRQ
                0x08004678       0x1c ../DaisyExamples/libDaisy//build\libdaisy.a(stm32h7xx_hal_cortex.o)
                0x08004678                HAL_NVIC_EnableIRQ
 .text.HAL_NVIC_DisableIRQ
                0x08004694       0x28 ../DaisyExamples/libDaisy//build\libdaisy.a(stm32h7xx_hal_cortex.o)
                0x08004694                HAL_NVIC_DisableIRQ
 .text.HAL_SYSTICK_Config
                0x080046bc       0x2c ../DaisyExamples/libDaisy//build\libdaisy.a(stm32h7xx_hal_cortex.o)
                0x080046bc                HAL_SYSTICK_Config
 .text.HAL_MPU_Disable
                0x080046e8       0x1c ../DaisyExamples/libDaisy//build\libdaisy.a(stm32h7xx_hal_cortex.o)
                0x080046e8                HAL_MPU_Disable
 .text.HAL_MPU_Enable
                0x08004704       0x20 ../DaisyExamples/libDaisy//build\libdaisy.a(stm32h7xx_hal_cortex.o)
                0x08004704                HAL_MPU_Enable
 .text.HAL_MPU_ConfigRegion
                0x08004724       0x64 ../DaisyExamples/libDaisy//build\libdaisy.a(stm32h7xx_hal_cortex.o)
                0x08004724                HAL_MPU_ConfigRegion
 .text.HAL_SYSTICK_Callback
                0x08004788        0x4 ../DaisyExamples/libDaisy//build\libdaisy.a(stm32h7xx_hal_cortex.o)
                0x08004788                HAL_SYSTICK_Callback
 .text.HAL_SYSTICK_IRQHandler
                0x0800478c        0x8 ../DaisyExamples/libDaisy//build\libdaisy.a(stm32h7xx_hal_cortex.o)
                0x0800478c                HAL_SYSTICK_IRQHandler
 .text.DMA_CalcBaseAndBitshift
                0x08004794       0xf4 ../DaisyExamples/libDaisy//build\libdaisy.a(stm32h7xx_hal_dma.o)
 .text.DMA_CalcDMAMUXChannelBaseAndMask
                0x08004888       0xd8 ../DaisyExamples/libDaisy//build\libdaisy.a(stm32h7xx_hal_dma.o)
 .text.HAL_DMA_Init
                0x08004960      0x37c ../DaisyExamples/libDaisy//build\libdaisy.a(stm32h7xx_hal_dma.o)
                0x08004960                HAL_DMA_Init
 .text.HAL_DMA_Start_IT
                0x08004cdc      0x240 ../DaisyExamples/libDaisy//build\libdaisy.a(stm32h7xx_hal_dma.o)
                0x08004cdc                HAL_DMA_Start_IT
 .text.HAL_DMA_Abort_IT
                0x08004f1c      0x134 ../DaisyExamples/libDaisy//build\libdaisy.a(stm32h7xx_hal_dma.o)
                0x08004f1c                HAL_DMA_Abort_IT
 .text.HAL_DMA_IRQHandler
                0x08005050      0x6a0 ../DaisyExamples/libDaisy//build\libdaisy.a(stm32h7xx_hal_dma.o)
                0x08005050                HAL_DMA_IRQHandler
 .text.HAL_DMA_GetError
                0x080056f0        0x4 ../DaisyExamples/libDaisy//build\libdaisy.a(stm32h7xx_hal_dma.o)
                0x080056f0                HAL_DMA_GetError
 .text.HAL_GPIO_Init
                0x080056f4      0x280 ../DaisyExamples/libDaisy//build\libdaisy.a(stm32h7xx_hal_gpio.o)
                0x080056f4                HAL_GPIO_Init
 .text.HAL_GPIO_DeInit
                0x08005974      0x190 ../DaisyExamples/libDaisy//build\libdaisy.a(stm32h7xx_hal_gpio.o)
                0x08005974                HAL_GPIO_DeInit
 .text.HAL_GPIO_ReadPin
                0x08005b04        0xc ../DaisyExamples/libDaisy//build\libdaisy.a(stm32h7xx_hal_gpio.o)
                0x08005b04                HAL_GPIO_ReadPin
 .text.HAL_GPIO_WritePin
                0x08005b10        0x8 ../DaisyExamples/libDaisy//build\libdaisy.a(stm32h7xx_hal_gpio.o)
                0x08005b10                HAL_GPIO_WritePin
 .text.HAL_HCD_IRQHandler
                0x08005b18      0x780 ../DaisyExamples/libDaisy//build\libdaisy.a(stm32h7xx_hal_hcd.o)
                0x08005b18                HAL_HCD_IRQHandler
 .text.HAL_HCD_Stop
                0x08006298       0x28 ../DaisyExamples/libDaisy//build\libdaisy.a(stm32h7xx_hal_hcd.o)
                0x08006298                HAL_HCD_Stop
 .text.I2C_WaitOnTXISFlagUntilTimeout
                0x080062c0       0xb8 ../DaisyExamples/libDaisy//build\libdaisy.a(stm32h7xx_hal_i2c.o)
 .text.I2C_WaitOnSTOPFlagUntilTimeout
                0x08006378       0xac ../DaisyExamples/libDaisy//build\libdaisy.a(stm32h7xx_hal_i2c.o)
 .text.HAL_I2C_Init
                0x08006424       0xac ../DaisyExamples/libDaisy//build\libdaisy.a(stm32h7xx_hal_i2c.o)
                0x08006424                HAL_I2C_Init
 .text.HAL_I2C_Master_Transmit
                0x080064d0      0x1a8 ../DaisyExamples/libDaisy//build\libdaisy.a(stm32h7xx_hal_i2c.o)
                0x080064d0                HAL_I2C_Master_Transmit
 .text.HAL_I2C_Slave_Transmit
                0x08006678      0x1c8 ../DaisyExamples/libDaisy//build\libdaisy.a(stm32h7xx_hal_i2c.o)
                0x08006678                HAL_I2C_Slave_Transmit
 .text.HAL_I2C_EV_IRQHandler
                0x08006840       0x10 ../DaisyExamples/libDaisy//build\libdaisy.a(stm32h7xx_hal_i2c.o)
                0x08006840                HAL_I2C_EV_IRQHandler
 .text.HAL_I2C_GetState
                0x08006850        0x8 ../DaisyExamples/libDaisy//build\libdaisy.a(stm32h7xx_hal_i2c.o)
                0x08006850                HAL_I2C_GetState
 .text.HAL_I2CEx_ConfigAnalogFilter
                0x08006858       0x54 ../DaisyExamples/libDaisy//build\libdaisy.a(stm32h7xx_hal_i2c_ex.o)
                0x08006858                HAL_I2CEx_ConfigAnalogFilter
 .text.HAL_I2CEx_ConfigDigitalFilter
                0x080068ac       0x58 ../DaisyExamples/libDaisy//build\libdaisy.a(stm32h7xx_hal_i2c_ex.o)
                0x080068ac                HAL_I2CEx_ConfigDigitalFilter
 .text.HAL_PCD_IRQHandler
                0x08006904      0x69c ../DaisyExamples/libDaisy//build\libdaisy.a(stm32h7xx_hal_pcd.o)
                0x08006904                HAL_PCD_IRQHandler
 .text.HAL_PCD_SetAddress
                0x08006fa0       0x2c ../DaisyExamples/libDaisy//build\libdaisy.a(stm32h7xx_hal_pcd.o)
                0x08006fa0                HAL_PCD_SetAddress
 .text.HAL_PCD_EP_Open
                0x08006fcc       0x7c ../DaisyExamples/libDaisy//build\libdaisy.a(stm32h7xx_hal_pcd.o)
                0x08006fcc                HAL_PCD_EP_Open
 .text.HAL_PCD_EP_Receive
                0x08007048       0x50 ../DaisyExamples/libDaisy//build\libdaisy.a(stm32h7xx_hal_pcd.o)
                0x08007048                HAL_PCD_EP_Receive
 .text.HAL_PCD_EP_Transmit
                0x08007098       0x50 ../DaisyExamples/libDaisy//build\libdaisy.a(stm32h7xx_hal_pcd.o)
                0x08007098                HAL_PCD_EP_Transmit
 .text.HAL_PCD_EP_SetStall
                0x080070e8       0x88 ../DaisyExamples/libDaisy//build\libdaisy.a(stm32h7xx_hal_pcd.o)
                0x080070e8                HAL_PCD_EP_SetStall
 .text.HAL_PCD_EP_ClrStall
                0x08007170       0x78 ../DaisyExamples/libDaisy//build\libdaisy.a(stm32h7xx_hal_pcd.o)
                0x08007170                HAL_PCD_EP_ClrStall
 .text.HAL_PCDEx_LPM_Callback
                0x080071e8        0x4 ../DaisyExamples/libDaisy//build\libdaisy.a(stm32h7xx_hal_pcd_ex.o)
                0x080071e8                HAL_PCDEx_LPM_Callback
 .text.HAL_PWREx_ConfigSupply
                0x080071ec       0x4c ../DaisyExamples/libDaisy//build\libdaisy.a(stm32h7xx_hal_pwr_ex.o)
                0x080071ec                HAL_PWREx_ConfigSupply
 .text.HAL_PWREx_EnableUSBVoltageDetector
                0x08007238       0x10 ../DaisyExamples/libDaisy//build\libdaisy.a(stm32h7xx_hal_pwr_ex.o)
                0x08007238                HAL_PWREx_EnableUSBVoltageDetector
 .text.QSPI_Config
                0x08007248      0x174 ../DaisyExamples/libDaisy//build\libdaisy.a(stm32h7xx_hal_qspi.o)
 .text.HAL_QSPI_Init
                0x080073bc       0xd8 ../DaisyExamples/libDaisy//build\libdaisy.a(stm32h7xx_hal_qspi.o)
                0x080073bc                HAL_QSPI_Init
 .text.HAL_QSPI_DeInit
                0x08007494       0x3c ../DaisyExamples/libDaisy//build\libdaisy.a(stm32h7xx_hal_qspi.o)
                0x08007494                HAL_QSPI_DeInit
 .text.HAL_QSPI_Command
                0x080074d0       0xd4 ../DaisyExamples/libDaisy//build\libdaisy.a(stm32h7xx_hal_qspi.o)
                0x080074d0                HAL_QSPI_Command
 .text.HAL_QSPI_Transmit
                0x080075a4       0xfc ../DaisyExamples/libDaisy//build\libdaisy.a(stm32h7xx_hal_qspi.o)
                0x080075a4                HAL_QSPI_Transmit
 .text.HAL_QSPI_Receive
                0x080076a0      0x108 ../DaisyExamples/libDaisy//build\libdaisy.a(stm32h7xx_hal_qspi.o)
                0x080076a0                HAL_QSPI_Receive
 .text.HAL_QSPI_AutoPolling
                0x080077a8       0xf0 ../DaisyExamples/libDaisy//build\libdaisy.a(stm32h7xx_hal_qspi.o)
                0x080077a8                HAL_QSPI_AutoPolling
 .text.HAL_QSPI_MemoryMapped
                0x08007898       0xc0 ../DaisyExamples/libDaisy//build\libdaisy.a(stm32h7xx_hal_qspi.o)
                0x08007898                HAL_QSPI_MemoryMapped
 .text.HAL_QSPI_ErrorCallback
                0x08007958        0x4 ../DaisyExamples/libDaisy//build\libdaisy.a(stm32h7xx_hal_qspi.o)
                0x08007958                HAL_QSPI_ErrorCallback
 .text.QSPI_DMAAbortCplt
                0x0800795c       0x38 ../DaisyExamples/libDaisy//build\libdaisy.a(stm32h7xx_hal_qspi.o)
 .text.HAL_QSPI_AbortCpltCallback
                0x08007994        0x4 ../DaisyExamples/libDaisy//build\libdaisy.a(stm32h7xx_hal_qspi.o)
                0x08007994                HAL_QSPI_AbortCpltCallback
 .text.HAL_QSPI_CmdCpltCallback
                0x08007998        0x4 ../DaisyExamples/libDaisy//build\libdaisy.a(stm32h7xx_hal_qspi.o)
                0x08007998                HAL_QSPI_CmdCpltCallback
 .text.HAL_QSPI_RxCpltCallback
                0x0800799c        0x4 ../DaisyExamples/libDaisy//build\libdaisy.a(stm32h7xx_hal_qspi.o)
                0x0800799c                HAL_QSPI_RxCpltCallback
 .text.HAL_QSPI_TxCpltCallback
                0x080079a0        0x4 ../DaisyExamples/libDaisy//build\libdaisy.a(stm32h7xx_hal_qspi.o)
                0x080079a0                HAL_QSPI_TxCpltCallback
 .text.HAL_QSPI_FifoThresholdCallback
                0x080079a4        0x4 ../DaisyExamples/libDaisy//build\libdaisy.a(stm32h7xx_hal_qspi.o)
                0x080079a4                HAL_QSPI_FifoThresholdCallback
 .text.HAL_QSPI_StatusMatchCallback
                0x080079a8        0x4 ../DaisyExamples/libDaisy//build\libdaisy.a(stm32h7xx_hal_qspi.o)
                0x080079a8                HAL_QSPI_StatusMatchCallback
 .text.HAL_QSPI_TimeOutCallback
                0x080079ac        0x4 ../DaisyExamples/libDaisy//build\libdaisy.a(stm32h7xx_hal_qspi.o)
                0x080079ac                HAL_QSPI_TimeOutCallback
 .text.HAL_QSPI_IRQHandler
                0x080079b0      0x210 ../DaisyExamples/libDaisy//build\libdaisy.a(stm32h7xx_hal_qspi.o)
                0x080079b0                HAL_QSPI_IRQHandler
 .text.HAL_RCC_OscConfig
                0x08007bc0      0x51c ../DaisyExamples/libDaisy//build\libdaisy.a(stm32h7xx_hal_rcc.o)
                0x08007bc0                HAL_RCC_OscConfig
 .text.HAL_RCC_GetSysClockFreq
                0x080080dc      0x140 ../DaisyExamples/libDaisy//build\libdaisy.a(stm32h7xx_hal_rcc.o)
                0x080080dc                HAL_RCC_GetSysClockFreq
 .text.HAL_RCC_ClockConfig
                0x0800821c      0x234 ../DaisyExamples/libDaisy//build\libdaisy.a(stm32h7xx_hal_rcc.o)
                0x0800821c                HAL_RCC_ClockConfig
 .text.HAL_RCC_GetHCLKFreq
                0x08008450       0x2c ../DaisyExamples/libDaisy//build\libdaisy.a(stm32h7xx_hal_rcc.o)
                0x08008450                HAL_RCC_GetHCLKFreq
 .text.HAL_RCC_GetPCLK1Freq
                0x0800847c       0x38 ../DaisyExamples/libDaisy//build\libdaisy.a(stm32h7xx_hal_rcc.o)
                0x0800847c                HAL_RCC_GetPCLK1Freq
 .text.HAL_RCC_GetPCLK2Freq
                0x080084b4       0x38 ../DaisyExamples/libDaisy//build\libdaisy.a(stm32h7xx_hal_rcc.o)
                0x080084b4                HAL_RCC_GetPCLK2Freq
 .text.RCCEx_PLL2_Config
                0x080084ec       0xf4 ../DaisyExamples/libDaisy//build\libdaisy.a(stm32h7xx_hal_rcc_ex.o)
 .text.RCCEx_PLL3_Config
                0x080085e0       0xf4 ../DaisyExamples/libDaisy//build\libdaisy.a(stm32h7xx_hal_rcc_ex.o)
 .text.HAL_RCCEx_PeriphCLKConfig
                0x080086d4      0xa7c ../DaisyExamples/libDaisy//build\libdaisy.a(stm32h7xx_hal_rcc_ex.o)
                0x080086d4                HAL_RCCEx_PeriphCLKConfig
 .text.HAL_RCCEx_GetD3PCLK1Freq
                0x08009150       0x24 ../DaisyExamples/libDaisy//build\libdaisy.a(stm32h7xx_hal_rcc_ex.o)
                0x08009150                HAL_RCCEx_GetD3PCLK1Freq
 .text.HAL_RCCEx_GetPLL2ClockFreq
                0x08009174      0x17c ../DaisyExamples/libDaisy//build\libdaisy.a(stm32h7xx_hal_rcc_ex.o)
                0x08009174                HAL_RCCEx_GetPLL2ClockFreq
 .text.HAL_RCCEx_GetPLL3ClockFreq
                0x080092f0      0x17c ../DaisyExamples/libDaisy//build\libdaisy.a(stm32h7xx_hal_rcc_ex.o)
                0x080092f0                HAL_RCCEx_GetPLL3ClockFreq
 .text.HAL_RCCEx_GetPLL1ClockFreq
                0x0800946c      0x17c ../DaisyExamples/libDaisy//build\libdaisy.a(stm32h7xx_hal_rcc_ex.o)
                0x0800946c                HAL_RCCEx_GetPLL1ClockFreq
 .text.HAL_RCCEx_GetPeriphCLKFreq
                0x080095e8      0x198 ../DaisyExamples/libDaisy//build\libdaisy.a(stm32h7xx_hal_rcc_ex.o)
                0x080095e8                HAL_RCCEx_GetPeriphCLKFreq
 .text.HAL_RCCEx_GetD1SysClockFreq
                0x08009780       0x2c ../DaisyExamples/libDaisy//build\libdaisy.a(stm32h7xx_hal_rcc_ex.o)
                0x08009780                HAL_RCCEx_GetD1SysClockFreq
 .text.HAL_SAI_Init.part.0
                0x080097ac      0x348 ../DaisyExamples/libDaisy//build\libdaisy.a(stm32h7xx_hal_sai.o)
 .text.HAL_SAI_InitProtocol
                0x08009af4      0x178 ../DaisyExamples/libDaisy//build\libdaisy.a(stm32h7xx_hal_sai.o)
                0x08009af4                HAL_SAI_InitProtocol
 .text.HAL_SAI_Transmit_DMA
                0x08009c6c      0x124 ../DaisyExamples/libDaisy//build\libdaisy.a(stm32h7xx_hal_sai.o)
                0x08009c6c                HAL_SAI_Transmit_DMA
 .text.HAL_SAI_Receive_DMA
                0x08009d90       0xd0 ../DaisyExamples/libDaisy//build\libdaisy.a(stm32h7xx_hal_sai.o)
                0x08009d90                HAL_SAI_Receive_DMA
 .text.HAL_SAI_TxCpltCallback
                0x08009e60        0x4 ../DaisyExamples/libDaisy//build\libdaisy.a(stm32h7xx_hal_sai.o)
                0x08009e60                HAL_SAI_TxCpltCallback
 .text.SAI_DMATxCplt
                0x08009e64       0x64 ../DaisyExamples/libDaisy//build\libdaisy.a(stm32h7xx_hal_sai.o)
 .text.HAL_SAI_TxHalfCpltCallback
                0x08009ec8        0x4 ../DaisyExamples/libDaisy//build\libdaisy.a(stm32h7xx_hal_sai.o)
                0x08009ec8                HAL_SAI_TxHalfCpltCallback
 .text.SAI_DMATxHalfCplt
                0x08009ecc        0xc ../DaisyExamples/libDaisy//build\libdaisy.a(stm32h7xx_hal_sai.o)
 .text.SAI_DMARxCplt
                0x08009ed8       0x64 ../DaisyExamples/libDaisy//build\libdaisy.a(stm32h7xx_hal_sai.o)
 .text.SAI_DMARxHalfCplt
                0x08009f3c        0xc ../DaisyExamples/libDaisy//build\libdaisy.a(stm32h7xx_hal_sai.o)
 .text.HAL_SAI_ErrorCallback
                0x08009f48        0x4 ../DaisyExamples/libDaisy//build\libdaisy.a(stm32h7xx_hal_sai.o)
                0x08009f48                HAL_SAI_ErrorCallback
 .text.SAI_DMAError
                0x08009f4c       0x6c ../DaisyExamples/libDaisy//build\libdaisy.a(stm32h7xx_hal_sai.o)
 .text.HAL_SDRAM_Init
                0x08009fb8       0x54 ../DaisyExamples/libDaisy//build\libdaisy.a(stm32h7xx_hal_sdram.o)
                0x08009fb8                HAL_SDRAM_Init
 .text.HAL_SDRAM_SendCommand
                0x0800a00c       0x40 ../DaisyExamples/libDaisy//build\libdaisy.a(stm32h7xx_hal_sdram.o)
                0x0800a00c                HAL_SDRAM_SendCommand
 .text.HAL_SDRAM_ProgramRefreshRate
                0x0800a04c       0x30 ../DaisyExamples/libDaisy//build\libdaisy.a(stm32h7xx_hal_sdram.o)
                0x0800a04c                HAL_SDRAM_ProgramRefreshRate
 .text.FMC_SDRAM_Init
                0x0800a07c       0x7c ../DaisyExamples/libDaisy//build\libdaisy.a(stm32h7xx_ll_fmc.o)
                0x0800a07c                FMC_SDRAM_Init
 .text.FMC_SDRAM_Timing_Init
                0x0800a0f8       0x98 ../DaisyExamples/libDaisy//build\libdaisy.a(stm32h7xx_ll_fmc.o)
                0x0800a0f8                FMC_SDRAM_Timing_Init
 .text.FMC_SDRAM_SendCommand
                0x0800a190       0x28 ../DaisyExamples/libDaisy//build\libdaisy.a(stm32h7xx_ll_fmc.o)
                0x0800a190                FMC_SDRAM_SendCommand
 .text.FMC_SDRAM_ProgramRefreshRate
                0x0800a1b8       0x1c ../DaisyExamples/libDaisy//build\libdaisy.a(stm32h7xx_ll_fmc.o)
                0x0800a1b8                FMC_SDRAM_ProgramRefreshRate
 .text.USB_SetTurnaroundTime
                0x0800a1d4      0x104 ../DaisyExamples/libDaisy//build\libdaisy.a(stm32h7xx_ll_usb.o)
                0x0800a1d4                USB_SetTurnaroundTime
 .text.USB_FlushTxFifo
                0x0800a2d8       0x34 ../DaisyExamples/libDaisy//build\libdaisy.a(stm32h7xx_ll_usb.o)
                0x0800a2d8                USB_FlushTxFifo
 .text.USB_GetDevSpeed
                0x0800a30c       0x24 ../DaisyExamples/libDaisy//build\libdaisy.a(stm32h7xx_ll_usb.o)
                0x0800a30c                USB_GetDevSpeed
 .text.USB_ActivateEndpoint
                0x0800a330       0x90 ../DaisyExamples/libDaisy//build\libdaisy.a(stm32h7xx_ll_usb.o)
                0x0800a330                USB_ActivateEndpoint
 .text.USB_EPStartXfer
                0x0800a3c0      0x230 ../DaisyExamples/libDaisy//build\libdaisy.a(stm32h7xx_ll_usb.o)
                0x0800a3c0                USB_EPStartXfer
 .text.USB_EP0StartXfer
                0x0800a5f0      0x174 ../DaisyExamples/libDaisy//build\libdaisy.a(stm32h7xx_ll_usb.o)
                0x0800a5f0                USB_EP0StartXfer
 .text.USB_WritePacket
                0x0800a764       0x2c ../DaisyExamples/libDaisy//build\libdaisy.a(stm32h7xx_ll_usb.o)
                0x0800a764                USB_WritePacket
 .text.USB_ReadPacket
                0x0800a790       0x20 ../DaisyExamples/libDaisy//build\libdaisy.a(stm32h7xx_ll_usb.o)
                0x0800a790                USB_ReadPacket
 .text.USB_EPSetStall
                0x0800a7b0       0x68 ../DaisyExamples/libDaisy//build\libdaisy.a(stm32h7xx_ll_usb.o)
                0x0800a7b0                USB_EPSetStall
 .text.USB_EPClearStall
                0x0800a818       0x58 ../DaisyExamples/libDaisy//build\libdaisy.a(stm32h7xx_ll_usb.o)
                0x0800a818                USB_EPClearStall
 .text.USB_SetDevAddress
                0x0800a870       0x24 ../DaisyExamples/libDaisy//build\libdaisy.a(stm32h7xx_ll_usb.o)
                0x0800a870                USB_SetDevAddress
 .text.USB_ReadInterrupts
                0x0800a894       0x14 ../DaisyExamples/libDaisy//build\libdaisy.a(stm32h7xx_ll_usb.o)
                0x0800a894                USB_ReadInterrupts
 .text.USB_ReadDevAllOutEpInterrupt
                0x0800a8a8       0x1c ../DaisyExamples/libDaisy//build\libdaisy.a(stm32h7xx_ll_usb.o)
                0x0800a8a8                USB_ReadDevAllOutEpInterrupt
 .text.USB_ReadDevAllInEpInterrupt
                0x0800a8c4       0x1c ../DaisyExamples/libDaisy//build\libdaisy.a(stm32h7xx_ll_usb.o)
                0x0800a8c4                USB_ReadDevAllInEpInterrupt
 .text.USB_ReadDevOutEPInterrupt
                0x0800a8e0       0x1c ../DaisyExamples/libDaisy//build\libdaisy.a(stm32h7xx_ll_usb.o)
                0x0800a8e0                USB_ReadDevOutEPInterrupt
 .text.USB_ReadDevInEPInterrupt
                0x0800a8fc       0x38 ../DaisyExamples/libDaisy//build\libdaisy.a(stm32h7xx_ll_usb.o)
                0x0800a8fc                USB_ReadDevInEPInterrupt
 .text.USB_GetMode
                0x0800a934        0x8 ../DaisyExamples/libDaisy//build\libdaisy.a(stm32h7xx_ll_usb.o)
                0x0800a934                USB_GetMode
 .text.USB_ActivateSetup
                0x0800a93c       0x38 ../DaisyExamples/libDaisy//build\libdaisy.a(stm32h7xx_ll_usb.o)
                0x0800a93c                USB_ActivateSetup
 .text.USB_EP0_OutStart
                0x0800a974       0x58 ../DaisyExamples/libDaisy//build\libdaisy.a(stm32h7xx_ll_usb.o)
                0x0800a974                USB_EP0_OutStart
 .text.USB_InitFSLSPClkSel
                0x0800a9cc       0x44 ../DaisyExamples/libDaisy//build\libdaisy.a(stm32h7xx_ll_usb.o)
                0x0800a9cc                USB_InitFSLSPClkSel
 .text.USB_HC_ReadInterrupt
                0x0800aa10        0x8 ../DaisyExamples/libDaisy//build\libdaisy.a(stm32h7xx_ll_usb.o)
                0x0800aa10                USB_HC_ReadInterrupt
 .text.USB_HC_Halt
                0x0800aa18       0xc0 ../DaisyExamples/libDaisy//build\libdaisy.a(stm32h7xx_ll_usb.o)
                0x0800aa18                USB_HC_Halt
 .text.USB_StopHost
                0x0800aad8      0x2ec ../DaisyExamples/libDaisy//build\libdaisy.a(stm32h7xx_ll_usb.o)
                0x0800aad8                USB_StopHost
 .text.USBD_SetClassConfig
                0x0800adc4       0x14 ../DaisyExamples/libDaisy//build\libdaisy.a(usbd_core.o)
                0x0800adc4                USBD_SetClassConfig
 .text.USBD_ClrClassConfig
                0x0800add8       0x10 ../DaisyExamples/libDaisy//build\libdaisy.a(usbd_core.o)
                0x0800add8                USBD_ClrClassConfig
 .text.USBD_LL_SetupStage
                0x0800ade8       0x5c ../DaisyExamples/libDaisy//build\libdaisy.a(usbd_core.o)
                0x0800ade8                USBD_LL_SetupStage
 .text.USBD_LL_DataOutStage
                0x0800ae44       0x7c ../DaisyExamples/libDaisy//build\libdaisy.a(usbd_core.o)
                0x0800ae44                USBD_LL_DataOutStage
 .text.USBD_LL_DataInStage
                0x0800aec0       0xcc ../DaisyExamples/libDaisy//build\libdaisy.a(usbd_core.o)
                0x0800aec0                USBD_LL_DataInStage
 .text.USBD_LL_Reset
                0x0800af8c       0x50 ../DaisyExamples/libDaisy//build\libdaisy.a(usbd_core.o)
                0x0800af8c                USBD_LL_Reset
 .text.USBD_LL_SetSpeed
                0x0800afdc        0x8 ../DaisyExamples/libDaisy//build\libdaisy.a(usbd_core.o)
                0x0800afdc                USBD_LL_SetSpeed
 .text.USBD_LL_Suspend
                0x0800afe4       0x14 ../DaisyExamples/libDaisy//build\libdaisy.a(usbd_core.o)
                0x0800afe4                USBD_LL_Suspend
 .text.USBD_LL_Resume
                0x0800aff8       0x10 ../DaisyExamples/libDaisy//build\libdaisy.a(usbd_core.o)
                0x0800aff8                USBD_LL_Resume
 .text.USBD_LL_SOF
                0x0800b008       0x1c ../DaisyExamples/libDaisy//build\libdaisy.a(usbd_core.o)
                0x0800b008                USBD_LL_SOF
 .text.USBD_LL_IsoINIncomplete
                0x0800b024        0x4 ../DaisyExamples/libDaisy//build\libdaisy.a(usbd_core.o)
                0x0800b024                USBD_LL_IsoINIncomplete
 .text.USBD_LL_IsoOUTIncomplete
                0x0800b028        0x4 ../DaisyExamples/libDaisy//build\libdaisy.a(usbd_core.o)
                0x0800b028                USBD_LL_IsoOUTIncomplete
 .text.USBD_LL_DevConnected
                0x0800b02c        0x4 ../DaisyExamples/libDaisy//build\libdaisy.a(usbd_core.o)
                0x0800b02c                USBD_LL_DevConnected
 .text.USBD_LL_DevDisconnected
                0x0800b030       0x18 ../DaisyExamples/libDaisy//build\libdaisy.a(usbd_core.o)
                0x0800b030                USBD_LL_DevDisconnected
 .text.USBD_StdDevReq
                0x0800b048      0x304 ../DaisyExamples/libDaisy//build\libdaisy.a(usbd_ctlreq.o)
                0x0800b048                USBD_StdDevReq
 .text.USBD_StdItfReq
                0x0800b34c       0x68 ../DaisyExamples/libDaisy//build\libdaisy.a(usbd_ctlreq.o)
                0x0800b34c                USBD_StdItfReq
 .text.USBD_StdEPReq
                0x0800b3b4      0x13c ../DaisyExamples/libDaisy//build\libdaisy.a(usbd_ctlreq.o)
                0x0800b3b4                USBD_StdEPReq
 .text.USBD_ParseSetupRequest
                0x0800b4f0       0x28 ../DaisyExamples/libDaisy//build\libdaisy.a(usbd_ctlreq.o)
                0x0800b4f0                USBD_ParseSetupRequest
 .text.USBD_CtlSendData
                0x0800b518       0x1c ../DaisyExamples/libDaisy//build\libdaisy.a(usbd_ioreq.o)
                0x0800b518                USBD_CtlSendData
 .text.USBD_CtlContinueSendData
                0x0800b534       0x14 ../DaisyExamples/libDaisy//build\libdaisy.a(usbd_ioreq.o)
                0x0800b534                USBD_CtlContinueSendData
 .text.USBD_CtlContinueRx
                0x0800b548       0x14 ../DaisyExamples/libDaisy//build\libdaisy.a(usbd_ioreq.o)
                0x0800b548                USBD_CtlContinueRx
 .text.USBD_CtlSendStatus
                0x0800b55c       0x18 ../DaisyExamples/libDaisy//build\libdaisy.a(usbd_ioreq.o)
                0x0800b55c                USBD_CtlSendStatus
 .text.USBD_CtlReceiveStatus
                0x0800b574       0x18 ../DaisyExamples/libDaisy//build\libdaisy.a(usbd_ioreq.o)
                0x0800b574                USBD_CtlReceiveStatus
 .text.USBH_LL_IncTimer
                0x0800b58c       0x20 ../DaisyExamples/libDaisy//build\libdaisy.a(usbh_core.o)
                0x0800b58c                USBH_LL_IncTimer
 .text.USBH_LL_PortEnabled
                0x0800b5ac        0x8 ../DaisyExamples/libDaisy//build\libdaisy.a(usbh_core.o)
                0x0800b5ac                USBH_LL_PortEnabled
 .text.USBH_LL_PortDisabled
                0x0800b5b4        0x8 ../DaisyExamples/libDaisy//build\libdaisy.a(usbh_core.o)
                0x0800b5b4                USBH_LL_PortDisabled
 .text.USBH_LL_Connect
                0x0800b5bc       0x18 ../DaisyExamples/libDaisy//build\libdaisy.a(usbh_core.o)
                0x0800b5bc                USBH_LL_Connect
 .text.USBH_LL_Disconnect
                0x0800b5d4       0x2c ../DaisyExamples/libDaisy//build\libdaisy.a(usbh_core.o)
                0x0800b5d4                USBH_LL_Disconnect
 .text.USBH_FreePipe
                0x0800b600       0x18 ../DaisyExamples/libDaisy//build\libdaisy.a(usbh_pipes.o)
                0x0800b600                USBH_FreePipe
 .text._ZN5daisy6Random4InitEv
                0x0800b618       0x3c ../DaisyExamples/libDaisy//build\libdaisy.a(rng.o)
                0x0800b618                daisy::Random::Init()
 .text._ZN5daisy9SpiHandle4Impl7InitDmaEv
                0x0800b654       0xec ../DaisyExamples/libDaisy//build\libdaisy.a(spi.o)
                0x0800b654                daisy::SpiHandle::Impl::InitDma()
 .text._ZN5daisy9SpiHandle4Impl10StartDmaTxEPhjPFvPvEPFvS3_NS0_6ResultEES3_
                0x0800b740       0xc8 ../DaisyExamples/libDaisy//build\libdaisy.a(spi.o)
                0x0800b740                daisy::SpiHandle::Impl::StartDmaTx(unsigned char*, unsigned int, void (*)(void*), void (*)(void*, daisy::SpiHandle::Result), void*)
 .text._ZN5daisy9SpiHandle4Impl10StartDmaRxEPhjPFvPvEPFvS3_NS0_6ResultEES3_
                0x0800b808       0xc8 ../DaisyExamples/libDaisy//build\libdaisy.a(spi.o)
                0x0800b808                daisy::SpiHandle::Impl::StartDmaRx(unsigned char*, unsigned int, void (*)(void*), void (*)(void*, daisy::SpiHandle::Result), void*)
 .text._ZN5daisy9SpiHandle4Impl12StartDmaRxTxEPhS2_jPFvPvEPFvS3_NS0_6ResultEES3_
                0x0800b8d0       0xcc ../DaisyExamples/libDaisy//build\libdaisy.a(spi.o)
                0x0800b8d0                daisy::SpiHandle::Impl::StartDmaRxTx(unsigned char*, unsigned char*, unsigned int, void (*)(void*), void (*)(void*, daisy::SpiHandle::Result), void*)
 .text._ZN5daisy9SpiHandle4Impl8InitPinsEv
                0x0800b99c      0x274 ../DaisyExamples/libDaisy//build\libdaisy.a(spi.o)
                0x0800b99c                daisy::SpiHandle::Impl::InitPins()
 .text.HAL_SPI_MspInit
                0x0800bc10      0x1a8 ../DaisyExamples/libDaisy//build\libdaisy.a(spi.o)
                0x0800bc10                HAL_SPI_MspInit
 .text.dsy_spi_global_init
                0x0800bdb8       0x80 ../DaisyExamples/libDaisy//build\libdaisy.a(spi.o)
                0x0800bdb8                dsy_spi_global_init
 .text.SPI1_IRQHandler
                0x0800be38        0xc ../DaisyExamples/libDaisy//build\libdaisy.a(spi.o)
                0x0800be38                SPI1_IRQHandler
 .text.SPI2_IRQHandler
                0x0800be44        0xc ../DaisyExamples/libDaisy//build\libdaisy.a(spi.o)
                0x0800be44                SPI2_IRQHandler
 .text.SPI3_IRQHandler
                0x0800be50        0xc ../DaisyExamples/libDaisy//build\libdaisy.a(spi.o)
                0x0800be50                SPI3_IRQHandler
 .text.SPI4_IRQHandler
                0x0800be5c        0xc ../DaisyExamples/libDaisy//build\libdaisy.a(spi.o)
                0x0800be5c                SPI4_IRQHandler
 .text.SPI5_IRQHandler
                0x0800be68        0xc ../DaisyExamples/libDaisy//build\libdaisy.a(spi.o)
                0x0800be68                SPI5_IRQHandler
 .text.DMA2_Stream2_IRQHandler
                0x0800be74       0x34 ../DaisyExamples/libDaisy//build\libdaisy.a(spi.o)
                0x0800be74                DMA2_Stream2_IRQHandler
 .text.DMA2_Stream3_IRQHandler
                0x0800bea8       0x38 ../DaisyExamples/libDaisy//build\libdaisy.a(spi.o)
                0x0800bea8                DMA2_Stream3_IRQHandler
 .text.HAL_SPI_TxCpltCallback
                0x0800bee0       0xc4 ../DaisyExamples/libDaisy//build\libdaisy.a(spi.o)
                0x0800bee0                HAL_SPI_TxCpltCallback
 .text.HAL_SPI_RxCpltCallback
                0x0800bfa4       0xc4 ../DaisyExamples/libDaisy//build\libdaisy.a(spi.o)
                0x0800bfa4                HAL_SPI_RxCpltCallback
 .text.HAL_SPI_TxRxCpltCallback
                0x0800c068       0xc4 ../DaisyExamples/libDaisy//build\libdaisy.a(spi.o)
                0x0800c068                HAL_SPI_TxRxCpltCallback
 .text.HAL_SPI_ErrorCallback
                0x0800c12c       0xc8 ../DaisyExamples/libDaisy//build\libdaisy.a(spi.o)
                0x0800c12c                HAL_SPI_ErrorCallback
 .text.startup._GLOBAL__sub_I__Z19MapInstanceToHandleP11SPI_TypeDef
                0x0800c1f4      0x1b0 ../DaisyExamples/libDaisy//build\libdaisy.a(spi.o)
 .text.HAL_TIM_Base_MspInit
                0x0800c3a4      0x1e0 ../DaisyExamples/libDaisy//build\libdaisy.a(tim.o)
                0x0800c3a4                HAL_TIM_Base_MspInit
 .text.HAL_TIM_PeriodElapsedCallback
                0x0800c584       0x44 ../DaisyExamples/libDaisy//build\libdaisy.a(tim.o)
                0x0800c584                HAL_TIM_PeriodElapsedCallback
 .text.TIM2_IRQHandler
                0x0800c5c8        0xc ../DaisyExamples/libDaisy//build\libdaisy.a(tim.o)
                0x0800c5c8                TIM2_IRQHandler
 .text.TIM3_IRQHandler
                0x0800c5d4        0xc ../DaisyExamples/libDaisy//build\libdaisy.a(tim.o)
                0x0800c5d4                TIM3_IRQHandler
 .text.TIM4_IRQHandler
                0x0800c5e0        0xc ../DaisyExamples/libDaisy//build\libdaisy.a(tim.o)
                0x0800c5e0                TIM4_IRQHandler
 .text.TIM5_IRQHandler
                0x0800c5ec        0xc ../DaisyExamples/libDaisy//build\libdaisy.a(tim.o)
                0x0800c5ec                TIM5_IRQHandler
 .text._ZN5daisy11TimerHandle4InitERKNS0_6ConfigE
                0x0800c5f8       0xd0 ../DaisyExamples/libDaisy//build\libdaisy.a(tim.o)
                0x0800c5f8                daisy::TimerHandle::Init(daisy::TimerHandle::Config const&)
 .text._ZN5daisy11TimerHandle5StartEv
                0x0800c6c8       0x24 ../DaisyExamples/libDaisy//build\libdaisy.a(tim.o)
                0x0800c6c8                daisy::TimerHandle::Start()
 .text.startup._GLOBAL__sub_I__ZN5daisy11TimerHandle4Impl4InitERKNS0_6ConfigE
                0x0800c6ec       0x38 ../DaisyExamples/libDaisy//build\libdaisy.a(tim.o)
 .text._ZL20UART_CheckRxListenerPN5daisy11UartHandler4ImplE
                0x0800c724       0x84 ../DaisyExamples/libDaisy//build\libdaisy.a(uart.o)
 .text._ZN5daisy11UartHandler4Impl10StartDmaTxEPhjPFvPvEPFvS3_NS0_6ResultEES3_
                0x0800c7a8      0x184 ../DaisyExamples/libDaisy//build\libdaisy.a(uart.o)
                0x0800c7a8                daisy::UartHandler::Impl::StartDmaTx(unsigned char*, unsigned int, void (*)(void*), void (*)(void*, daisy::UartHandler::Result), void*)
 .text._ZN5daisy11UartHandler4Impl10StartDmaRxEPhjPFvPvEPFvS3_NS0_6ResultEES3_
                0x0800c92c      0x184 ../DaisyExamples/libDaisy//build\libdaisy.a(uart.o)
                0x0800c92c                daisy::UartHandler::Impl::StartDmaRx(unsigned char*, unsigned int, void (*)(void*), void (*)(void*, daisy::UartHandler::Result), void*)
 .text._ZN5daisy11UartHandler4Impl19DmaTransferFinishedEP20__UART_HandleTypeDefNS0_6ResultE
                0x0800cab0       0xc0 ../DaisyExamples/libDaisy//build\libdaisy.a(uart.o)
                0x0800cab0                daisy::UartHandler::Impl::DmaTransferFinished(__UART_HandleTypeDef*, daisy::UartHandler::Result)
 .text._ZN5daisy11UartHandler4Impl8InitPinsEv
                0x0800cb70      0x154 ../DaisyExamples/libDaisy//build\libdaisy.a(uart.o)
                0x0800cb70                daisy::UartHandler::Impl::InitPins()
 .text.HAL_UART_MspInit
                0x0800ccc4      0x210 ../DaisyExamples/libDaisy//build\libdaisy.a(uart.o)
                0x0800ccc4                HAL_UART_MspInit
 .text.dsy_uart_global_init
                0x0800ced4      0x110 ../DaisyExamples/libDaisy//build\libdaisy.a(uart.o)
                0x0800ced4                dsy_uart_global_init
 .text.USART1_IRQHandler
                0x0800cfe4       0x2c ../DaisyExamples/libDaisy//build\libdaisy.a(uart.o)
                0x0800cfe4                USART1_IRQHandler
 .text.USART2_IRQHandler
                0x0800d010       0x34 ../DaisyExamples/libDaisy//build\libdaisy.a(uart.o)
                0x0800d010                USART2_IRQHandler
 .text.USART3_IRQHandler
                0x0800d044       0x34 ../DaisyExamples/libDaisy//build\libdaisy.a(uart.o)
                0x0800d044                USART3_IRQHandler
 .text.UART4_IRQHandler
                0x0800d078       0x34 ../DaisyExamples/libDaisy//build\libdaisy.a(uart.o)
                0x0800d078                UART4_IRQHandler
 .text.UART5_IRQHandler
                0x0800d0ac       0x34 ../DaisyExamples/libDaisy//build\libdaisy.a(uart.o)
                0x0800d0ac                UART5_IRQHandler
 .text.USART6_IRQHandler
                0x0800d0e0       0x34 ../DaisyExamples/libDaisy//build\libdaisy.a(uart.o)
                0x0800d0e0                USART6_IRQHandler
 .text.UART7_IRQHandler
                0x0800d114       0x34 ../DaisyExamples/libDaisy//build\libdaisy.a(uart.o)
                0x0800d114                UART7_IRQHandler
 .text.UART8_IRQHandler
                0x0800d148       0x34 ../DaisyExamples/libDaisy//build\libdaisy.a(uart.o)
                0x0800d148                UART8_IRQHandler
 .text.LPUART1_IRQHandler
                0x0800d17c       0x34 ../DaisyExamples/libDaisy//build\libdaisy.a(uart.o)
                0x0800d17c                LPUART1_IRQHandler
 .text.DMA1_Stream5_IRQHandler
                0x0800d1b0       0x34 ../DaisyExamples/libDaisy//build\libdaisy.a(uart.o)
                0x0800d1b0                DMA1_Stream5_IRQHandler
 .text.DMA2_Stream4_IRQHandler
                0x0800d1e4       0x38 ../DaisyExamples/libDaisy//build\libdaisy.a(uart.o)
                0x0800d1e4                DMA2_Stream4_IRQHandler
 .text.HAL_UART_TxCpltCallback
                0x0800d21c        0x8 ../DaisyExamples/libDaisy//build\libdaisy.a(uart.o)
                0x0800d21c                HAL_UART_TxCpltCallback
 .text.HAL_UART_RxCpltCallback
                0x0800d224       0x94 ../DaisyExamples/libDaisy//build\libdaisy.a(uart.o)
                0x0800d224                HAL_UART_RxCpltCallback
 .text.HAL_UART_RxHalfCpltCallback
                0x0800d2b8       0x90 ../DaisyExamples/libDaisy//build\libdaisy.a(uart.o)
                0x0800d2b8                HAL_UART_RxHalfCpltCallback
 .text.HAL_UART_ErrorCallback
                0x0800d348        0x8 ../DaisyExamples/libDaisy//build\libdaisy.a(uart.o)
                0x0800d348                HAL_UART_ErrorCallback
 .text.startup._GLOBAL__sub_I__Z19MapInstanceToHandleP13USART_TypeDef
                0x0800d350      0x194 ../DaisyExamples/libDaisy//build\libdaisy.a(uart.o)
 .text.dsy_dma_init
                0x0800d4e4      0x100 ../DaisyExamples/libDaisy//build\libdaisy.a(dma.o)
                0x0800d4e4                dsy_dma_init
 .text.dsy_dma_invalidate_cache_for_buffer
                0x0800d5e4       0x2c ../DaisyExamples/libDaisy//build\libdaisy.a(dma.o)
                0x0800d5e4                dsy_dma_invalidate_cache_for_buffer
 .text.HAL_MDMA_Abort_IT
                0x0800d610       0x2c ../DaisyExamples/libDaisy//build\libdaisy.a(stm32h7xx_hal_mdma.o)
                0x0800d610                HAL_MDMA_Abort_IT
 .text.SPI_CloseTransfer
                0x0800d63c       0xb8 ../DaisyExamples/libDaisy//build\libdaisy.a(stm32h7xx_hal_spi.o)
 .text.HAL_SPI_Init
                0x0800d6f4      0x15c ../DaisyExamples/libDaisy//build\libdaisy.a(stm32h7xx_hal_spi.o)
                0x0800d6f4                HAL_SPI_Init
 .text.HAL_SPI_Transmit_DMA
                0x0800d850      0x170 ../DaisyExamples/libDaisy//build\libdaisy.a(stm32h7xx_hal_spi.o)
                0x0800d850                HAL_SPI_Transmit_DMA
 .text.HAL_SPI_TransmitReceive_DMA
                0x0800d9c0      0x218 ../DaisyExamples/libDaisy//build\libdaisy.a(stm32h7xx_hal_spi.o)
                0x0800d9c0                HAL_SPI_TransmitReceive_DMA
 .text.HAL_SPI_Receive_DMA
                0x0800dbd8      0x1b4 ../DaisyExamples/libDaisy//build\libdaisy.a(stm32h7xx_hal_spi.o)
                0x0800dbd8                HAL_SPI_Receive_DMA
 .text.SPI_DMATransmitCplt
                0x0800dd8c       0x28 ../DaisyExamples/libDaisy//build\libdaisy.a(stm32h7xx_hal_spi.o)
 .text.SPI_DMAReceiveCplt
                0x0800ddb4       0x28 ../DaisyExamples/libDaisy//build\libdaisy.a(stm32h7xx_hal_spi.o)
 .text.SPI_DMATransmitReceiveCplt
                0x0800dddc       0x28 ../DaisyExamples/libDaisy//build\libdaisy.a(stm32h7xx_hal_spi.o)
 .text.HAL_SPI_TxHalfCpltCallback
                0x0800de04        0x4 ../DaisyExamples/libDaisy//build\libdaisy.a(stm32h7xx_hal_spi.o)
                0x0800de04                HAL_SPI_TxHalfCpltCallback
 .text.SPI_DMAHalfTransmitCplt
                0x0800de08        0xc ../DaisyExamples/libDaisy//build\libdaisy.a(stm32h7xx_hal_spi.o)
 .text.HAL_SPI_RxHalfCpltCallback
                0x0800de14        0x4 ../DaisyExamples/libDaisy//build\libdaisy.a(stm32h7xx_hal_spi.o)
                0x0800de14                HAL_SPI_RxHalfCpltCallback
 .text.SPI_DMAHalfReceiveCplt
                0x0800de18        0xc ../DaisyExamples/libDaisy//build\libdaisy.a(stm32h7xx_hal_spi.o)
 .text.HAL_SPI_TxRxHalfCpltCallback
                0x0800de24        0x4 ../DaisyExamples/libDaisy//build\libdaisy.a(stm32h7xx_hal_spi.o)
                0x0800de24                HAL_SPI_TxRxHalfCpltCallback
 .text.SPI_DMAHalfTransmitReceiveCplt
                0x0800de28        0xc ../DaisyExamples/libDaisy//build\libdaisy.a(stm32h7xx_hal_spi.o)
 .text.SPI_DMAError
                0x0800de34       0xd8 ../DaisyExamples/libDaisy//build\libdaisy.a(stm32h7xx_hal_spi.o)
 .text.HAL_SPI_IRQHandler
                0x0800df0c      0x23c ../DaisyExamples/libDaisy//build\libdaisy.a(stm32h7xx_hal_spi.o)
                0x0800df0c                HAL_SPI_IRQHandler
 .text.SPI_DMAAbortOnError
                0x0800e148       0x1c ../DaisyExamples/libDaisy//build\libdaisy.a(stm32h7xx_hal_spi.o)
 .text.HAL_SPI_GetState
                0x0800e164        0x8 ../DaisyExamples/libDaisy//build\libdaisy.a(stm32h7xx_hal_spi.o)
                0x0800e164                HAL_SPI_GetState
 .text.HAL_TIM_Base_Init
                0x0800e16c      0x140 ../DaisyExamples/libDaisy//build\libdaisy.a(stm32h7xx_hal_tim.o)
                0x0800e16c                HAL_TIM_Base_Init
 .text.HAL_TIM_Base_Start
                0x0800e2ac       0x34 ../DaisyExamples/libDaisy//build\libdaisy.a(stm32h7xx_hal_tim.o)
                0x0800e2ac                HAL_TIM_Base_Start
 .text.HAL_TIM_Base_Start_IT
                0x0800e2e0       0x2c ../DaisyExamples/libDaisy//build\libdaisy.a(stm32h7xx_hal_tim.o)
                0x0800e2e0                HAL_TIM_Base_Start_IT
 .text.HAL_TIM_ConfigClockSource
                0x0800e30c      0x17c ../DaisyExamples/libDaisy//build\libdaisy.a(stm32h7xx_hal_tim.o)
                0x0800e30c                HAL_TIM_ConfigClockSource
 .text.HAL_TIM_OC_DelayElapsedCallback
                0x0800e488        0x4 ../DaisyExamples/libDaisy//build\libdaisy.a(stm32h7xx_hal_tim.o)
                0x0800e488                HAL_TIM_OC_DelayElapsedCallback
 .text.HAL_TIM_IC_CaptureCallback
                0x0800e48c        0x4 ../DaisyExamples/libDaisy//build\libdaisy.a(stm32h7xx_hal_tim.o)
                0x0800e48c                HAL_TIM_IC_CaptureCallback
 .text.HAL_TIM_PWM_PulseFinishedCallback
                0x0800e490        0x4 ../DaisyExamples/libDaisy//build\libdaisy.a(stm32h7xx_hal_tim.o)
                0x0800e490                HAL_TIM_PWM_PulseFinishedCallback
 .text.HAL_TIM_TriggerCallback
                0x0800e494        0x4 ../DaisyExamples/libDaisy//build\libdaisy.a(stm32h7xx_hal_tim.o)
                0x0800e494                HAL_TIM_TriggerCallback
 .text.HAL_TIM_IRQHandler
                0x0800e498      0x170 ../DaisyExamples/libDaisy//build\libdaisy.a(stm32h7xx_hal_tim.o)
                0x0800e498                HAL_TIM_IRQHandler
 .text.HAL_TIMEx_MasterConfigSynchronization
                0x0800e608       0x64 ../DaisyExamples/libDaisy//build\libdaisy.a(stm32h7xx_hal_tim_ex.o)
                0x0800e608                HAL_TIMEx_MasterConfigSynchronization
 .text.HAL_TIMEx_CommutCallback
                0x0800e66c        0x4 ../DaisyExamples/libDaisy//build\libdaisy.a(stm32h7xx_hal_tim_ex.o)
                0x0800e66c                HAL_TIMEx_CommutCallback
 .text.HAL_TIMEx_BreakCallback
                0x0800e670        0x4 ../DaisyExamples/libDaisy//build\libdaisy.a(stm32h7xx_hal_tim_ex.o)
                0x0800e670                HAL_TIMEx_BreakCallback
 .text.HAL_TIMEx_Break2Callback
                0x0800e674        0x4 ../DaisyExamples/libDaisy//build\libdaisy.a(stm32h7xx_hal_tim_ex.o)
                0x0800e674                HAL_TIMEx_Break2Callback
 .text.HAL_UART_Transmit_DMA
                0x0800e678       0xa4 ../DaisyExamples/libDaisy//build\libdaisy.a(stm32h7xx_hal_uart.o)
                0x0800e678                HAL_UART_Transmit_DMA
 .text.HAL_UART_Receive_DMA
                0x0800e71c       0xac ../DaisyExamples/libDaisy//build\libdaisy.a(stm32h7xx_hal_uart.o)
                0x0800e71c                HAL_UART_Receive_DMA
 .text.UART_DMATransmitCplt
                0x0800e7c8       0x2c ../DaisyExamples/libDaisy//build\libdaisy.a(stm32h7xx_hal_uart.o)
 .text.HAL_UART_TxHalfCpltCallback
                0x0800e7f4        0x4 ../DaisyExamples/libDaisy//build\libdaisy.a(stm32h7xx_hal_uart.o)
                0x0800e7f4                HAL_UART_TxHalfCpltCallback
 .text.UART_DMATxHalfCplt
                0x0800e7f8        0xc ../DaisyExamples/libDaisy//build\libdaisy.a(stm32h7xx_hal_uart.o)
 .text.UART_DMAReceiveCplt
                0x0800e804       0x38 ../DaisyExamples/libDaisy//build\libdaisy.a(stm32h7xx_hal_uart.o)
 .text.UART_DMARxHalfCplt
                0x0800e83c        0xc ../DaisyExamples/libDaisy//build\libdaisy.a(stm32h7xx_hal_uart.o)
 .text.UART_DMAError
                0x0800e848       0x78 ../DaisyExamples/libDaisy//build\libdaisy.a(stm32h7xx_hal_uart.o)
 .text.HAL_UART_IRQHandler
                0x0800e8c0      0x1d0 ../DaisyExamples/libDaisy//build\libdaisy.a(stm32h7xx_hal_uart.o)
                0x0800e8c0                HAL_UART_IRQHandler
 .text.UART_DMAAbortOnError
                0x0800ea90       0x14 ../DaisyExamples/libDaisy//build\libdaisy.a(stm32h7xx_hal_uart.o)
 .text.HAL_UART_GetState
                0x0800eaa4        0xc ../DaisyExamples/libDaisy//build\libdaisy.a(stm32h7xx_hal_uart.o)
                0x0800eaa4                HAL_UART_GetState
 .text.UART_SetConfig
                0x0800eab0     0x14b8 ../DaisyExamples/libDaisy//build\libdaisy.a(stm32h7xx_hal_uart.o)
                0x0800eab0                UART_SetConfig
 .text.UART_AdvFeatureConfig
                0x0800ff68       0xb0 ../DaisyExamples/libDaisy//build\libdaisy.a(stm32h7xx_hal_uart.o)
                0x0800ff68                UART_AdvFeatureConfig
 .text.UART_CheckIdleState
                0x08010018       0x84 ../DaisyExamples/libDaisy//build\libdaisy.a(stm32h7xx_hal_uart.o)
                0x08010018                UART_CheckIdleState
 .text.HAL_UART_Init
                0x0801009c       0x68 ../DaisyExamples/libDaisy//build\libdaisy.a(stm32h7xx_hal_uart.o)
                0x0801009c                HAL_UART_Init
 .text.HAL_UARTEx_WakeupCallback
                0x08010104        0x4 ../DaisyExamples/libDaisy//build\libdaisy.a(stm32h7xx_hal_uart_ex.o)
                0x08010104                HAL_UARTEx_WakeupCallback
 .text.HAL_UARTEx_RxFifoFullCallback
                0x08010108        0x4 ../DaisyExamples/libDaisy//build\libdaisy.a(stm32h7xx_hal_uart_ex.o)
                0x08010108                HAL_UARTEx_RxFifoFullCallback
 .text.HAL_UARTEx_TxFifoEmptyCallback
                0x0801010c        0x4 ../DaisyExamples/libDaisy//build\libdaisy.a(stm32h7xx_hal_uart_ex.o)
                0x0801010c                HAL_UARTEx_TxFifoEmptyCallback
 .text.__aeabi_atexit
                0x08010110        0xa c:/program files/daisytoolchain/bin/../lib/gcc/arm-none-eabi/10.2.1/../../../../arm-none-eabi/lib/thumb/v7e-m+dp/hard\libstdc++_nano.a(atexit_arm.o)
                0x08010110                __aeabi_atexit
 .text._ZdaPv   0x0801011a        0x4 c:/program files/daisytoolchain/bin/../lib/gcc/arm-none-eabi/10.2.1/../../../../arm-none-eabi/lib/thumb/v7e-m+dp/hard\libstdc++_nano.a(del_opv.o)
                0x0801011a                operator delete[](void*)
 .text._Znaj    0x0801011e        0x4 c:/program files/daisytoolchain/bin/../lib/gcc/arm-none-eabi/10.2.1/../../../../arm-none-eabi/lib/thumb/v7e-m+dp/hard\libstdc++_nano.a(new_opv.o)
                0x0801011e                operator new[](unsigned int)
 .text._ZdlPv   0x08010122        0x4 c:/program files/daisytoolchain/bin/../lib/gcc/arm-none-eabi/10.2.1/../../../../arm-none-eabi/lib/thumb/v7e-m+dp/hard\libstdc++_nano.a(del_op.o)
                0x08010122                operator delete(void*)
 .text._Znwj    0x08010126       0x22 c:/program files/daisytoolchain/bin/../lib/gcc/arm-none-eabi/10.2.1/../../../../arm-none-eabi/lib/thumb/v7e-m+dp/hard\libstdc++_nano.a(new_op.o)
                0x08010126                operator new(unsigned int)
 .text._ZSt15get_new_handlerv
                0x08010148       0x10 c:/program files/daisytoolchain/bin/../lib/gcc/arm-none-eabi/10.2.1/../../../../arm-none-eabi/lib/thumb/v7e-m+dp/hard\libstdc++_nano.a(new_handler.o)
                0x08010148                std::get_new_handler()
 .text.cosf     0x08010158      0x1bc c:/program files/daisytoolchain/bin/../lib/gcc/arm-none-eabi/10.2.1/../../../../arm-none-eabi/lib/thumb/v7e-m+dp/hard\libm.a(lib_a-cosf.o)
                0x08010158                cosf
 .text.with_errnof
                0x08010314       0x18 c:/program files/daisytoolchain/bin/../lib/gcc/arm-none-eabi/10.2.1/../../../../arm-none-eabi/lib/thumb/v7e-m+dp/hard\libm.a(lib_a-math_errf.o)
 .text.__math_invalidf
                0x0801032c       0x20 c:/program files/daisytoolchain/bin/../lib/gcc/arm-none-eabi/10.2.1/../../../../arm-none-eabi/lib/thumb/v7e-m+dp/hard\libm.a(lib_a-math_errf.o)
                0x0801032c                __math_invalidf
 .text.sqrtf    0x0801034c       0x50 c:/program files/daisytoolchain/bin/../lib/gcc/arm-none-eabi/10.2.1/../../../../arm-none-eabi/lib/thumb/v7e-m+dp/hard\libm.a(lib_a-wf_sqrt.o)
                0x0801034c                sqrtf
 .text.__ieee754_sqrtf
                0x0801039c        0x8 c:/program files/daisytoolchain/bin/../lib/gcc/arm-none-eabi/10.2.1/../../../../arm-none-eabi/lib/thumb/v7e-m+dp/hard\libm.a(lib_a-ef_sqrt.o)
                0x0801039c                __ieee754_sqrtf
 .text.abort    0x080103a4        0xe c:/program files/daisytoolchain/bin/../lib/gcc/arm-none-eabi/10.2.1/../../../../arm-none-eabi/lib/thumb/v7e-m+dp/hard\libc_nano.a(lib_a-abort.o)
                0x080103a4                abort
 *fill*         0x080103b2        0x2 
 .text.__cxa_atexit
                0x080103b4       0x1c c:/program files/daisytoolchain/bin/../lib/gcc/arm-none-eabi/10.2.1/../../../../arm-none-eabi/lib/thumb/v7e-m+dp/hard\libc_nano.a(lib_a-cxa_atexit.o)
                0x080103b4                __cxa_atexit
 .text.__errno  0x080103d0        0xc c:/program files/daisytoolchain/bin/../lib/gcc/arm-none-eabi/10.2.1/../../../../arm-none-eabi/lib/thumb/v7e-m+dp/hard\libc_nano.a(lib_a-errno.o)
                0x080103d0                __errno
 .text.__libc_init_array
                0x080103dc       0x48 c:/program files/daisytoolchain/bin/../lib/gcc/arm-none-eabi/10.2.1/../../../../arm-none-eabi/lib/thumb/v7e-m+dp/hard\libc_nano.a(lib_a-init.o)
                0x080103dc                __libc_init_array
 .text.malloc   0x08010424       0x10 c:/program files/daisytoolchain/bin/../lib/gcc/arm-none-eabi/10.2.1/../../../../arm-none-eabi/lib/thumb/v7e-m+dp/hard\libc_nano.a(lib_a-malloc.o)
                0x08010424                malloc
 .text.free     0x08010434       0x10 c:/program files/daisytoolchain/bin/../lib/gcc/arm-none-eabi/10.2.1/../../../../arm-none-eabi/lib/thumb/v7e-m+dp/hard\libc_nano.a(lib_a-malloc.o)
                0x08010434                free
 .text.memcpy   0x08010444       0x1c c:/program files/daisytoolchain/bin/../lib/gcc/arm-none-eabi/10.2.1/../../../../arm-none-eabi/lib/thumb/v7e-m+dp/hard\libc_nano.a(lib_a-memcpy-stub.o)
                0x08010444                memcpy
 .text.memset   0x08010460       0x10 c:/program files/daisytoolchain/bin/../lib/gcc/arm-none-eabi/10.2.1/../../../../arm-none-eabi/lib/thumb/v7e-m+dp/hard\libc_nano.a(lib_a-memset.o)
                0x08010460                memset
 .text._free_r  0x08010470       0x98 c:/program files/daisytoolchain/bin/../lib/gcc/arm-none-eabi/10.2.1/../../../../arm-none-eabi/lib/thumb/v7e-m+dp/hard\libc_nano.a(lib_a-nano-freer.o)
                0x08010470                _free_r
 .text._malloc_r
                0x08010508       0xb4 c:/program files/daisytoolchain/bin/../lib/gcc/arm-none-eabi/10.2.1/../../../../arm-none-eabi/lib/thumb/v7e-m+dp/hard\libc_nano.a(lib_a-nano-mallocr.o)
                0x08010508                _malloc_r
 .text._sbrk_r  0x080105bc       0x20 c:/program files/daisytoolchain/bin/../lib/gcc/arm-none-eabi/10.2.1/../../../../arm-none-eabi/lib/thumb/v7e-m+dp/hard\libc_nano.a(lib_a-sbrkr.o)
                0x080105bc                _sbrk_r
 .text._raise_r
                0x080105dc       0x50 c:/program files/daisytoolchain/bin/../lib/gcc/arm-none-eabi/10.2.1/../../../../arm-none-eabi/lib/thumb/v7e-m+dp/hard\libc_nano.a(lib_a-signal.o)
                0x080105dc                _raise_r
 .text.raise    0x0801062c       0x10 c:/program files/daisytoolchain/bin/../lib/gcc/arm-none-eabi/10.2.1/../../../../arm-none-eabi/lib/thumb/v7e-m+dp/hard\libc_nano.a(lib_a-signal.o)
                0x0801062c                raise
 .text._kill_r  0x0801063c       0x24 c:/program files/daisytoolchain/bin/../lib/gcc/arm-none-eabi/10.2.1/../../../../arm-none-eabi/lib/thumb/v7e-m+dp/hard\libc_nano.a(lib_a-signalr.o)
                0x0801063c                _kill_r
 .text._getpid_r
                0x08010660        0x4 c:/program files/daisytoolchain/bin/../lib/gcc/arm-none-eabi/10.2.1/../../../../arm-none-eabi/lib/thumb/v7e-m+dp/hard\libc_nano.a(lib_a-signalr.o)
                0x08010660                _getpid_r
 .text.__retarget_lock_acquire_recursive
                0x08010664        0x2 c:/program files/daisytoolchain/bin/../lib/gcc/arm-none-eabi/10.2.1/../../../../arm-none-eabi/lib/thumb/v7e-m+dp/hard\libc_nano.a(lib_a-lock.o)
                0x08010664                __retarget_lock_acquire_recursive
 .text.__retarget_lock_release_recursive
                0x08010666        0x2 c:/program files/daisytoolchain/bin/../lib/gcc/arm-none-eabi/10.2.1/../../../../arm-none-eabi/lib/thumb/v7e-m+dp/hard\libc_nano.a(lib_a-lock.o)
                0x08010666                __retarget_lock_release_recursive
 .text.__malloc_lock
                0x08010668        0xc c:/program files/daisytoolchain/bin/../lib/gcc/arm-none-eabi/10.2.1/../../../../arm-none-eabi/lib/thumb/v7e-m+dp/hard\libc_nano.a(lib_a-mlock.o)
                0x08010668                __malloc_lock
 .text.__malloc_unlock
                0x08010674        0xc c:/program files/daisytoolchain/bin/../lib/gcc/arm-none-eabi/10.2.1/../../../../arm-none-eabi/lib/thumb/v7e-m+dp/hard\libc_nano.a(lib_a-mlock.o)
                0x08010674                __malloc_unlock
 .text._getpid  0x08010680       0x10 c:/program files/daisytoolchain/bin/../lib/gcc/arm-none-eabi/10.2.1/../../../../arm-none-eabi/lib/thumb/v7e-m+dp/hard\libnosys.a(getpid.o)
                0x08010680                _getpid
 .text._kill    0x08010690       0x10 c:/program files/daisytoolchain/bin/../lib/gcc/arm-none-eabi/10.2.1/../../../../arm-none-eabi/lib/thumb/v7e-m+dp/hard\libnosys.a(kill.o)
                0x08010690                _kill
 .text._sbrk    0x080106a0       0x1c c:/program files/daisytoolchain/bin/../lib/gcc/arm-none-eabi/10.2.1/../../../../arm-none-eabi/lib/thumb/v7e-m+dp/hard\libnosys.a(sbrk.o)
                0x080106a0                _sbrk
 .text._exit    0x080106bc        0x4 c:/program files/daisytoolchain/bin/../lib/gcc/arm-none-eabi/10.2.1/../../../../arm-none-eabi/lib/thumb/v7e-m+dp/hard\libnosys.a(_exit.o)
                0x080106bc                _exit
 *(.rodata)
 .rodata        0x080106c0       0x10 ../DaisyExamples/libDaisy//build\libdaisy.a(i2c.o)
 .rodata        0x080106d0       0x10 ../DaisyExamples/libDaisy//build\libdaisy.a(tim.o)
 .rodata        0x080106e0       0x12 ../DaisyExamples/libDaisy//build\libdaisy.a(uart.o)
 *(.rodata*)
 *fill*         0x080106f2        0x2 
 .rodata.CSWTCH.35
                0x080106f4        0x3 ../DaisyExamples/libDaisy//build\libdaisy.a(sai.o)
 *fill*         0x080106f7        0x1 
 .rodata.CSWTCH.36
                0x080106f8        0xc ../DaisyExamples/libDaisy//build\libdaisy.a(sai.o)
 .rodata.CSWTCH.44
                0x08010704       0x14 ../DaisyExamples/libDaisy//build\libdaisy.a(sai.o)
 .rodata.D1CorePrescTable
                0x08010718       0x10 ../DaisyExamples/libDaisy//build\libdaisy.a(system_stm32h7xx.o)
                0x08010718                D1CorePrescTable
 .rodata.CSWTCH.24
                0x08010728        0x4 ../DaisyExamples/libDaisy//build\libdaisy.a(usbd_conf.o)
 .rodata.CSWTCH.19
                0x0801072c        0x4 ../DaisyExamples/libDaisy//build\libdaisy.a(usbh_conf.o)
 .rodata.gpio_hal_pin_map
                0x08010730       0x20 ../DaisyExamples/libDaisy//build\libdaisy.a(hal_map.o)
 .rodata.gpio_hal_port_map
                0x08010750       0x30 ../DaisyExamples/libDaisy//build\libdaisy.a(hal_map.o)
 .rodata.flagBitshiftOffset.0
                0x08010780        0x8 ../DaisyExamples/libDaisy//build\libdaisy.a(stm32h7xx_hal_dma.o)
 .rodata._ZL13pins_none_spi
                0x08010788        0x3 ../DaisyExamples/libDaisy//build\libdaisy.a(spi.o)
 *fill*         0x0801078b        0x1 
 .rodata._ZL16pins_periphs_spi
                0x0801078c       0x60 ../DaisyExamples/libDaisy//build\libdaisy.a(spi.o)
 .rodata.CSWTCH.418
                0x080107ec       0x29 ../DaisyExamples/libDaisy//build\libdaisy.a(stm32h7xx_hal_uart.o)
 *fill*         0x08010815        0x3 
 .rodata.CSWTCH.419
                0x08010818        0x6 ../DaisyExamples/libDaisy//build\libdaisy.a(stm32h7xx_hal_uart.o)
 *fill*         0x0801081e        0x2 
 .rodata.CSWTCH.426
                0x08010820        0x6 ../DaisyExamples/libDaisy//build\libdaisy.a(stm32h7xx_hal_uart.o)
 *fill*         0x08010826        0x2 
 .rodata.__inv_pio4
                0x08010828       0x60 c:/program files/daisytoolchain/bin/../lib/gcc/arm-none-eabi/10.2.1/../../../../arm-none-eabi/lib/thumb/v7e-m+dp/hard\libm.a(lib_a-sincosf_data.o)
                0x08010828                __inv_pio4
 .rodata.__sincosf_table
                0x08010888       0xe0 c:/program files/daisytoolchain/bin/../lib/gcc/arm-none-eabi/10.2.1/../../../../arm-none-eabi/lib/thumb/v7e-m+dp/hard\libm.a(lib_a-sincosf_data.o)
                0x08010888                __sincosf_table
 .rodata.__sf_fake_stderr
                0x08010968       0x20 c:/program files/daisytoolchain/bin/../lib/gcc/arm-none-eabi/10.2.1/../../../../arm-none-eabi/lib/thumb/v7e-m+dp/hard\libc_nano.a(lib_a-findfp.o)
                0x08010968                __sf_fake_stderr
 .rodata.__sf_fake_stdin
                0x08010988       0x20 c:/program files/daisytoolchain/bin/../lib/gcc/arm-none-eabi/10.2.1/../../../../arm-none-eabi/lib/thumb/v7e-m+dp/hard\libc_nano.a(lib_a-findfp.o)
                0x08010988                __sf_fake_stdin
 .rodata.__sf_fake_stdout